Archive member included to satisfy reference by file (symbol)

C:/ST/STM32CubeIDE_1.18.1/STM32CubeIDE/plugins/com.st.stm32cube.ide.mcu.externaltools.gnu-tools-for-stm32.13.3.rel1.win32_1.0.0.202411081344/tools/bin/../lib/gcc/arm-none-eabi/13.3.1/../../../../arm-none-eabi/lib/thumb/v7e-m+fp/hard\libc_nano.a(libc_a-exit.o)
                              C:/ST/STM32CubeIDE_1.18.1/STM32CubeIDE/plugins/com.st.stm32cube.ide.mcu.externaltools.gnu-tools-for-stm32.13.3.rel1.win32_1.0.0.202411081344/tools/bin/../lib/gcc/arm-none-eabi/13.3.1/../../../../arm-none-eabi/lib/thumb/v7e-m+fp/hard/crt0.o (exit)
C:/ST/STM32CubeIDE_1.18.1/STM32CubeIDE/plugins/com.st.stm32cube.ide.mcu.externaltools.gnu-tools-for-stm32.13.3.rel1.win32_1.0.0.202411081344/tools/bin/../lib/gcc/arm-none-eabi/13.3.1/../../../../arm-none-eabi/lib/thumb/v7e-m+fp/hard\libc_nano.a(libc_a-nano-vfprintf_float.o)
                              (_printf_float)
C:/ST/STM32CubeIDE_1.18.1/STM32CubeIDE/plugins/com.st.stm32cube.ide.mcu.externaltools.gnu-tools-for-stm32.13.3.rel1.win32_1.0.0.202411081344/tools/bin/../lib/gcc/arm-none-eabi/13.3.1/../../../../arm-none-eabi/lib/thumb/v7e-m+fp/hard\libc_nano.a(libc_a-nano-vfprintf_i.o)
                              C:/ST/STM32CubeIDE_1.18.1/STM32CubeIDE/plugins/com.st.stm32cube.ide.mcu.externaltools.gnu-tools-for-stm32.13.3.rel1.win32_1.0.0.202411081344/tools/bin/../lib/gcc/arm-none-eabi/13.3.1/../../../../arm-none-eabi/lib/thumb/v7e-m+fp/hard\libc_nano.a(libc_a-nano-vfprintf_float.o) (_printf_common)
C:/ST/STM32CubeIDE_1.18.1/STM32CubeIDE/plugins/com.st.stm32cube.ide.mcu.externaltools.gnu-tools-for-stm32.13.3.rel1.win32_1.0.0.202411081344/tools/bin/../lib/gcc/arm-none-eabi/13.3.1/../../../../arm-none-eabi/lib/thumb/v7e-m+fp/hard\libc_nano.a(libc_a-findfp.o)
                              ./Middlewares/Third_Party/FreeRTOS/Source/tasks.o (__sf)
C:/ST/STM32CubeIDE_1.18.1/STM32CubeIDE/plugins/com.st.stm32cube.ide.mcu.externaltools.gnu-tools-for-stm32.13.3.rel1.win32_1.0.0.202411081344/tools/bin/../lib/gcc/arm-none-eabi/13.3.1/../../../../arm-none-eabi/lib/thumb/v7e-m+fp/hard\libc_nano.a(libc_a-fwalk.o)
                              C:/ST/STM32CubeIDE_1.18.1/STM32CubeIDE/plugins/com.st.stm32cube.ide.mcu.externaltools.gnu-tools-for-stm32.13.3.rel1.win32_1.0.0.202411081344/tools/bin/../lib/gcc/arm-none-eabi/13.3.1/../../../../arm-none-eabi/lib/thumb/v7e-m+fp/hard\libc_nano.a(libc_a-findfp.o) (_fwalk_sglue)
C:/ST/STM32CubeIDE_1.18.1/STM32CubeIDE/plugins/com.st.stm32cube.ide.mcu.externaltools.gnu-tools-for-stm32.13.3.rel1.win32_1.0.0.202411081344/tools/bin/../lib/gcc/arm-none-eabi/13.3.1/../../../../arm-none-eabi/lib/thumb/v7e-m+fp/hard\libc_nano.a(libc_a-printf.o)
                              ./Core/Src/Control/Control.o (printf)
C:/ST/STM32CubeIDE_1.18.1/STM32CubeIDE/plugins/com.st.stm32cube.ide.mcu.externaltools.gnu-tools-for-stm32.13.3.rel1.win32_1.0.0.202411081344/tools/bin/../lib/gcc/arm-none-eabi/13.3.1/../../../../arm-none-eabi/lib/thumb/v7e-m+fp/hard\libc_nano.a(libc_a-puts.o)
                              ./Core/Src/IMU/IMU.o (puts)
C:/ST/STM32CubeIDE_1.18.1/STM32CubeIDE/plugins/com.st.stm32cube.ide.mcu.externaltools.gnu-tools-for-stm32.13.3.rel1.win32_1.0.0.202411081344/tools/bin/../lib/gcc/arm-none-eabi/13.3.1/../../../../arm-none-eabi/lib/thumb/v7e-m+fp/hard\libc_nano.a(libc_a-stdio.o)
                              C:/ST/STM32CubeIDE_1.18.1/STM32CubeIDE/plugins/com.st.stm32cube.ide.mcu.externaltools.gnu-tools-for-stm32.13.3.rel1.win32_1.0.0.202411081344/tools/bin/../lib/gcc/arm-none-eabi/13.3.1/../../../../arm-none-eabi/lib/thumb/v7e-m+fp/hard\libc_nano.a(libc_a-findfp.o) (__sread)
C:/ST/STM32CubeIDE_1.18.1/STM32CubeIDE/plugins/com.st.stm32cube.ide.mcu.externaltools.gnu-tools-for-stm32.13.3.rel1.win32_1.0.0.202411081344/tools/bin/../lib/gcc/arm-none-eabi/13.3.1/../../../../arm-none-eabi/lib/thumb/v7e-m+fp/hard\libc_nano.a(libc_a-wbuf.o)
                              C:/ST/STM32CubeIDE_1.18.1/STM32CubeIDE/plugins/com.st.stm32cube.ide.mcu.externaltools.gnu-tools-for-stm32.13.3.rel1.win32_1.0.0.202411081344/tools/bin/../lib/gcc/arm-none-eabi/13.3.1/../../../../arm-none-eabi/lib/thumb/v7e-m+fp/hard\libc_nano.a(libc_a-puts.o) (__swbuf_r)
C:/ST/STM32CubeIDE_1.18.1/STM32CubeIDE/plugins/com.st.stm32cube.ide.mcu.externaltools.gnu-tools-for-stm32.13.3.rel1.win32_1.0.0.202411081344/tools/bin/../lib/gcc/arm-none-eabi/13.3.1/../../../../arm-none-eabi/lib/thumb/v7e-m+fp/hard\libc_nano.a(libc_a-wsetup.o)
                              C:/ST/STM32CubeIDE_1.18.1/STM32CubeIDE/plugins/com.st.stm32cube.ide.mcu.externaltools.gnu-tools-for-stm32.13.3.rel1.win32_1.0.0.202411081344/tools/bin/../lib/gcc/arm-none-eabi/13.3.1/../../../../arm-none-eabi/lib/thumb/v7e-m+fp/hard\libc_nano.a(libc_a-puts.o) (__swsetup_r)
[...]
Memory Configuration

Name             Origin             Length             Attributes
RAM              0x20000000         0x00020000         xrw
FLASH            0x08000000         0x00080000         xr
*default*        0x00000000         0xffffffff

Linker script and memory map

LOAD C:/ST/STM32CubeIDE_1.18.1/STM32CubeIDE/plugins/com.st.stm32cube.ide.mcu.externaltools.gnu-tools-for-stm32.13.3.rel1.win32_1.0.0.202411081344/tools/bin/../lib/gcc/arm-none-eabi/13.3.1/thumb/v7e-m+fp/hard/crti.o
LOAD C:/ST/STM32CubeIDE_1.18.1/STM32CubeIDE/plugins/com.st.stm32cube.ide.mcu.externaltools.gnu-tools-for-stm32.13.3.rel1.win32_1.0.0.202411081344/tools/bin/../lib/gcc/arm-none-eabi/13.3.1/thumb/v7e-m+fp/hard/crtbegin.o
LOAD C:/ST/STM32CubeIDE_1.18.1/STM32CubeIDE/plugins/com.st.stm32cube.ide.mcu.externaltools.gnu-tools-for-stm32.13.3.rel1.win32_1.0.0.202411081344/tools/bin/../lib/gcc/arm-none-eabi/13.3.1/../../../../arm-none-eabi/lib/thumb/v7e-m+fp/hard/crt0.o
LOAD ./Core/Src/Control/Control.o
LOAD ./Core/Src/IMU/IMU.o
LOAD ./Core/Src/Motor/Motor.o
LOAD ./Core/Src/freertos.o
LOAD ./Core/Src/main.o
LOAD ./Core/Src/stm32f4xx_hal_msp.o
LOAD ./Core/Src/stm32f4xx_hal_timebase_tim.o
LOAD ./Core/Src/stm32f4xx_it.o
LOAD ./Core/Src/syscalls.o
LOAD ./Core/Src/sysmem.o
LOAD ./Core/Src/system_stm32f4xx.o
LOAD ./Core/Startup/startup_stm32f446retx.o
LOAD ./Drivers/STM32F4xx_HAL_Driver/Src/stm32f4xx_hal.o
LOAD ./Drivers/STM32F4xx_HAL_Driver/Src/stm32f4xx_hal_cortex.o
LOAD ./Drivers/STM32F4xx_HAL_Driver/Src/stm32f4xx_hal_dma.o
LOAD ./Drivers/STM32F4xx_HAL_Driver/Src/stm32f4xx_hal_dma_ex.o
LOAD ./Drivers/STM32F4xx_HAL_Driver/Src/stm32f4xx_hal_exti.o
LOAD ./Drivers/STM32F4xx_HAL_Driver/Src/stm32f4xx_hal_flash.o
LOAD ./Drivers/STM32F4xx_HAL_Driver/Src/stm32f4xx_hal_flash_ex.o
LOAD ./Drivers/STM32F4xx_HAL_Driver/Src/stm32f4xx_hal_flash_ramfunc.o
LOAD ./Drivers/STM32F4xx_HAL_Driver/Src/stm32f4xx_hal_gpio.o
LOAD ./Drivers/STM32F4xx_HAL_Driver/Src/stm32f4xx_hal_i2c.o
LOAD ./Drivers/STM32F4xx_HAL_Driver/Src/stm32f4xx_hal_i2c_ex.o
LOAD ./Drivers/STM32F4xx_HAL_Driver/Src/stm32f4xx_hal_pwr.o
LOAD ./Drivers/STM32F4xx_HAL_Driver/Src/stm32f4xx_hal_pwr_ex.o
LOAD ./Drivers/STM32F4xx_HAL_Driver/Src/stm32f4xx_hal_rcc.o
LOAD ./Drivers/STM32F4xx_HAL_Driver/Src/stm32f4xx_hal_rcc_ex.o
LOAD ./Drivers/STM32F4xx_HAL_Driver/Src/stm32f4xx_hal_tim.o
LOAD ./Drivers/STM32F4xx_HAL_Driver/Src/stm32f4xx_hal_tim_ex.o
LOAD ./Drivers/STM32F4xx_HAL_Driver/Src/stm32f4xx_hal_uart.o
LOAD ./Middlewares/Third_Party/FreeRTOS/Source/CMSIS_RTOS_V2/cmsis_os2.o
LOAD ./Middlewares/Third_Party/FreeRTOS/Source/croutine.o
LOAD ./Middlewares/Third_Party/FreeRTOS/Source/event_groups.o
LOAD ./Middlewares/Third_Party/FreeRTOS/Source/list.o
LOAD ./Middlewares/Third_Party/FreeRTOS/Source/queue.o
LOAD ./Middlewares/Third_Party/FreeRTOS/Source/stream_buffer.o
LOAD ./Middlewares/Third_Party/FreeRTOS/Source/tasks.o
LOAD ./Middlewares/Third_Party/FreeRTOS/Source/timers.o
LOAD ./Middlewares/Third_Party/FreeRTOS/Source/portable/GCC/ARM_CM4F/port.o
LOAD ./Middlewares/Third_Party/FreeRTOS/Source/portable/MemMang/heap_4.o
START GROUP
LOAD C:/ST/STM32CubeIDE_1.18.1/STM32CubeIDE/plugins/com.st.stm32cube.ide.mcu.externaltools.gnu-tools-for-stm32.13.3.rel1.win32_1.0.0.202411081344/tools/bin/../lib/gcc/arm-none-eabi/13.3.1/../../../../arm-none-eabi/lib/thumb/v7e-m+fp/hard\libc_nano.a
LOAD C:/ST/STM32CubeIDE_1.18.1/STM32CubeIDE/plugins/com.st.stm32cube.ide.mcu.externaltools.gnu-tools-for-stm32.13.3.rel1.win32_1.0.0.202411081344/tools/bin/../lib/gcc/arm-none-eabi/13.3.1/../../../../arm-none-eabi/lib/thumb/v7e-m+fp/hard\libm.a
END GROUP
START GROUP
LOAD C:/ST/STM32CubeIDE_1.18.1/STM32CubeIDE/plugins/com.st.stm32cube.ide.mcu.externaltools.gnu-tools-for-stm32.13.3.rel1.win32_1.0.0.202411081344/tools/bin/../lib/gcc/arm-none-eabi/13.3.1/thumb/v7e-m+fp/hard\libgcc.a
LOAD C:/ST/STM32CubeIDE_1.18.1/STM32CubeIDE/plugins/com.st.stm32cube.ide.mcu.externaltools.gnu-tools-for-stm32.13.3.rel1.win32_1.0.0.202411081344/tools/bin/../lib/gcc/arm-none-eabi/13.3.1/../../../../arm-none-eabi/lib/thumb/v7e-m+fp/hard\libc_nano.a
END GROUP
START GROUP
LOAD C:/ST/STM32CubeIDE_1.18.1/STM32CubeIDE/plugins/com.st.stm32cube.ide.mcu.externaltools.gnu-tools-for-stm32.13.3.rel1.win32_1.0.0.202411081344/tools/bin/../lib/gcc/arm-none-eabi/13.3.1/thumb/v7e-m+fp/hard\libgcc.a
LOAD C:/ST/STM32CubeIDE_1.18.1/STM32CubeIDE/plugins/com.st.stm32cube.ide.mcu.externaltools.gnu-tools-for-stm32.13.3.rel1.win32_1.0.0.202411081344/tools/bin/../lib/gcc/arm-none-eabi/13.3.1/../../../../arm-none-eabi/lib/thumb/v7e-m+fp/hard\libc_nano.a
LOAD C:/ST/STM32CubeIDE_1.18.1/STM32CubeIDE/plugins/com.st.stm32cube.ide.mcu.externaltools.gnu-tools-for-stm32.13.3.rel1.win32_1.0.0.202411081344/tools/bin/../lib/gcc/arm-none-eabi/13.3.1/../../../../arm-none-eabi/lib/thumb/v7e-m+fp/hard\libnosys.a
END GROUP
START GROUP
LOAD C:/ST/STM32CubeIDE_1.18.1/STM32CubeIDE/plugins/com.st.stm32cube.ide.mcu.externaltools.gnu-tools-for-stm32.13.3.rel1.win32_1.0.0.202411081344/tools/bin/../lib/gcc/arm-none-eabi/13.3.1/thumb/v7e-m+fp/hard\libgcc.a
LOAD C:/ST/STM32CubeIDE_1.18.1/STM32CubeIDE/plugins/com.st.stm32cube.ide.mcu.externaltools.gnu-tools-for-stm32.13.3.rel1.win32_1.0.0.202411081344/tools/bin/../lib/gcc/arm-none-eabi/13.3.1/../../../../arm-none-eabi/lib/thumb/v7e-m+fp/hard\libc_nano.a
LOAD C:/ST/STM32CubeIDE_1.18.1/STM32CubeIDE/plugins/com.st.stm32cube.ide.mcu.externaltools.gnu-tools-for-stm32.13.3.rel1.win32_1.0.0.202411081344/tools/bin/../lib/gcc/arm-none-eabi/13.3.1/../../../../arm-none-eabi/lib/thumb/v7e-m+fp/hard\libnosys.a
END GROUP
LOAD C:/ST/STM32CubeIDE_1.18.1/STM32CubeIDE/plugins/com.st.stm32cube.ide.mcu.externaltools.gnu-tools-for-stm32.13.3.rel1.win32_1.0.0.202411081344/tools/bin/../lib/gcc/arm-none-eabi/13.3.1/thumb/v7e-m+fp/hard/crtend.o
LOAD C:/ST/STM32CubeIDE_1.18.1/STM32CubeIDE/plugins/com.st.stm32cube.ide.mcu.externaltools.gnu-tools-for-stm32.13.3.rel1.win32_1.0.0.202411081344/tools/bin/../lib/gcc/arm-none-eabi/13.3.1/thumb/v7e-m+fp/hard/crtn.o
                0x20020000                        _estack = (ORIGIN (RAM) + LENGTH (RAM))
                0x00000200                        _Min_Heap_Size = 0x200
                0x00000400                        _Min_Stack_Size = 0x400

.isr_vector     0x08000000      0x1c4
                0x08000000                        . = ALIGN (0x4)
 *(.isr_vector)
 .isr_vector    0x08000000      0x1c4 ./Core/Startup/startup_stm32f446retx.o
                0x08000000                g_pfnVectors
                0x080001c4                        . = ALIGN (0x4)

.text           0x080001d0     0xe6a8
                0x080001d0                        . = ALIGN (0x4)
 *(.text)
 .text          0x080001d0       0x40 C:/ST/STM32CubeIDE_1.18.1/STM32CubeIDE/plugins/com.st.stm32cube.ide.mcu.externaltools.gnu-tools-for-stm32.13.3.rel1.win32_1.0.0.202411081344/tools/bin/../lib/gcc/arm-none-eabi/13.3.1/thumb/v7e-m+fp/hard/crtbegin.o
 .text          0x08000210       0xa0 C:/ST/STM32CubeIDE_1.18.1/STM32CubeIDE/plugins/com.st.stm32cube.ide.mcu.externaltools.gnu-tools-for-stm32.13.3.rel1.win32_1.0.0.202411081344/tools/bin/../lib/gcc/arm-none-eabi/13.3.1/../../../../arm-none-eabi/lib/thumb/v7e-m+fp/hard\libc_nano.a(libc_a-memchr.o)
                0x08000210                memchr
 .text          0x080002b0       0x10 C:/ST/STM32CubeIDE_1.18.1/STM32CubeIDE/plugins/com.st.stm32cube.ide.mcu.externaltools.gnu-tools-for-stm32.13.3.rel1.win32_1.0.0.202411081344/tools/bin/../lib/gcc/arm-none-eabi/13.3.1/../../../../arm-none-eabi/lib/thumb/v7e-m+fp/hard\libc_nano.a(libc_a-strlen.o)
                0x080002b0                strlen
 .text          0x080002c0      0x378 C:/ST/STM32CubeIDE_1.18.1/STM32CubeIDE/plugins/com.st.stm32cube.ide.mcu.externaltools.gnu-tools-for-stm32.13.3.rel1.win32_1.0.0.202411081344/tools/bin/../lib/gcc/arm-none-eabi/13.3.1/thumb/v7e-m+fp/hard\libgcc.a(_arm_addsubdf3.o)
                0x080002c0                __aeabi_drsub
                0x080002c8                __aeabi_dsub
                0x080002c8                __subdf3
                0x080002cc                __aeabi_dadd
                0x080002cc                __adddf3
                0x08000544                __floatunsidf
                0x08000544                __aeabi_ui2d
                0x08000564                __floatsidf
                0x08000564                __aeabi_i2d
                0x08000588                __aeabi_f2d
                0x08000588                __extendsfdf2
                0x080005cc                __floatundidf
                0x080005cc                __aeabi_ul2d
                0x080005dc                __floatdidf
                0x080005dc                __aeabi_l2d
 .text          0x08000638      0x424 C:/ST/STM32CubeIDE_1.18.1/STM32CubeIDE/plugins/com.st.stm32cube.ide.mcu.externaltools.gnu-tools-for-stm32.13.3.rel1.win32_1.0.0.202411081344/tools/bin/../lib/gcc/arm-none-eabi/13.3.1/thumb/v7e-m+fp/hard\libgcc.a(_arm_muldivdf3.o)
                0x08000638                __aeabi_dmul
                0x08000638                __muldf3
                0x0800088c                __divdf3
                0x0800088c                __aeabi_ddiv
 .text          0x08000a5c      0x110 C:/ST/STM32CubeIDE_1.18.1/STM32CubeIDE/plugins/com.st.stm32cube.ide.mcu.externaltools.gnu-tools-for-stm32.13.3.rel1.win32_1.0.0.202411081344/tools/bin/../lib/gcc/arm-none-eabi/13.3.1/thumb/v7e-m+fp/hard\libgcc.a(_arm_cmpdf2.o)
                0x08000a5c                __gtdf2
                0x08000a5c                __gedf2
                0x08000a64                __ltdf2
                0x08000a64                __ledf2
                0x08000a6c                __nedf2
                0x08000a6c                __eqdf2
                0x08000a6c                __cmpdf2
                0x08000ae8                __aeabi_cdrcmple
                0x08000af8                __aeabi_cdcmpeq
                0x08000af8                __aeabi_cdcmple
                0x08000b08                __aeabi_dcmpeq
                0x08000b1c                __aeabi_dcmplt
                0x08000b30                __aeabi_dcmple
                0x08000b44                __aeabi_dcmpge
                0x08000b58                __aeabi_dcmpgt
 .text          0x08000b6c       0x2c C:/ST/STM32CubeIDE_1.18.1/STM32CubeIDE/plugins/com.st.stm32cube.ide.mcu.externaltools.gnu-tools-for-stm32.13.3.rel1.win32_1.0.0.202411081344/tools/bin/../lib/gcc/arm-none-eabi/13.3.1/thumb/v7e-m+fp/hard\libgcc.a(_arm_unorddf2.o)
                0x08000b6c                __unorddf2
                0x08000b6c                __aeabi_dcmpun
 .text          0x08000b98       0x50 C:/ST/STM32CubeIDE_1.18.1/STM32CubeIDE/plugins/com.st.stm32cube.ide.mcu.externaltools.gnu-tools-for-stm32.13.3.rel1.win32_1.0.0.202411081344/tools/bin/../lib/gcc/arm-none-eabi/13.3.1/thumb/v7e-m+fp/hard\libgcc.a(_arm_fixdfsi.o)
                0x08000b98                __aeabi_d2iz
                0x08000b98                __fixdfsi
 .text          0x08000be8       0x30 C:/ST/STM32CubeIDE_1.18.1/STM32CubeIDE/plugins/com.st.stm32cube.ide.mcu.externaltools.gnu-tools-for-stm32.13.3.rel1.win32_1.0.0.202411081344/tools/bin/../lib/gcc/arm-none-eabi/13.3.1/thumb/v7e-m+fp/hard\libgcc.a(_aeabi_uldivmod.o)
                0x08000be8                __aeabi_uldivmod
 .text          0x08000c18      0x2f8 C:/ST/STM32CubeIDE_1.18.1/STM32CubeIDE/plugins/com.st.stm32cube.ide.mcu.externaltools.gnu-tools-for-stm32.13.3.rel1.win32_1.0.0.202411081344/tools/bin/../lib/gcc/arm-none-eabi/13.3.1/thumb/v7e-m+fp/hard\libgcc.a(_udivmoddi4.o)
                0x08000c18                __udivmoddi4
 .text          0x08000f10        0x4 C:/ST/STM32CubeIDE_1.18.1/STM32CubeIDE/plugins/com.st.stm32cube.ide.mcu.externaltools.gnu-tools-for-stm32.13.3.rel1.win32_1.0.0.202411081344/tools/bin/../lib/gcc/arm-none-eabi/13.3.1/thumb/v7e-m+fp/hard\libgcc.a(_dvmd_tls.o)
                0x08000f10                __aeabi_idiv0
                0x08000f10                __aeabi_ldiv0
 *(.text*)
 .text.ControlDebugTaskStart
                0x08000f14       0xdc ./Core/Src/Control/Control.o
                0x08000f14                ControlDebugTaskStart
 .text.StartIMUTask
                0x08000ff0      0x108 ./Core/Src/IMU/IMU.o
                0x08000ff0                StartIMUTask
 .text.getInitAngle
                0x080010f8       0xdc ./Core/Src/IMU/IMU.o
                0x080010f8                getInitAngle
 .text.StartIMUDebugTask
                0x080011d4       0x4c ./Core/Src/IMU/IMU.o
                0x080011d4                StartIMUDebugTask
 .text.getGyroVals
                0x08001220      0x1bc ./Core/Src/IMU/IMU.o
                0x08001220                getGyroVals
 *fill*         0x080013dc        0x4 
 .text.getAccelVals
                0x080013e0      0x288 ./Core/Src/IMU/IMU.o
                0x080013e0                getAccelVals
 .text.configIMU
                0x08001668      0x160 ./Core/Src/IMU/IMU.o
                0x08001668                configIMU
 .text.calibrateGyro
                0x080017c8      0x214 ./Core/Src/IMU/IMU.o
                0x080017c8                calibrateGyro
 .text.StartMotorTask
                0x080019dc       0xc8 ./Core/Src/Motor/Motor.o
                0x080019dc                StartMotorTask
 .text.StartMotorDebugTask
                0x08001aa4       0x94 ./Core/Src/Motor/Motor.o
                0x08001aa4                StartMotorDebugTask
 .text.StartEncoderTask
                0x08001b38       0xec ./Core/Src/Motor/Motor.o
                0x08001b38                StartEncoderTask
 .text.initMotors
                0x08001c24       0xf8 ./Core/Src/Motor/Motor.o
                0x08001c24                initMotors
 .text.initMotorStruct
                0x08001d1c       0x9c ./Core/Src/Motor/Motor.o
                0x08001d1c                initMotorStruct
 .text.setSpeed
                0x08001db8       0x90 ./Core/Src/Motor/Motor.o
                0x08001db8                setSpeed
 .text.getDist  0x08001e48       0x88 ./Core/Src/Motor/Motor.o
                0x08001e48                getDist
 .text.ITM_SendChar
                0x08001ed0       0x4e ./Core/Src/main.o
 *fill*         0x08001f1e        0x2 
 .text.main     0x08001f20      0x1b0 ./Core/Src/main.o
                0x08001f20                main
 .text.SystemClock_Config
                0x080020d0       0xdc ./Core/Src/main.o
                0x080020d0                SystemClock_Config
 .text.MX_I2C1_Init
                0x080021ac      0x140 ./Core/Src/main.o
 .text.MX_TIM1_Init
                0x080022ec       0xb0 ./Core/Src/main.o
 .text.MX_TIM2_Init
                0x0800239c       0xec ./Core/Src/main.o
 .text.MX_TIM3_Init
                0x08002488       0xa8 ./Core/Src/main.o
 .text.MX_TIM8_Init
                0x08002530      0x108 ./Core/Src/main.o
 .text.MX_UART4_Init
                0x08002638       0x54 ./Core/Src/main.o
 .text.MX_USART1_UART_Init
                0x0800268c       0x54 ./Core/Src/main.o
 .text.MX_USART2_UART_Init
                0x080026e0       0x54 ./Core/Src/main.o
 .text.MX_GPIO_Init
                0x08002734      0x108 ./Core/Src/main.o
 .text._write   0x0800283c       0x38 ./Core/Src/main.o
                0x0800283c                _write
 .text.StartControlTask
                0x08002874       0x10 ./Core/Src/main.o
                0x08002874                StartControlTask
 .text.HAL_TIM_PeriodElapsedCallback
                0x08002884       0x24 ./Core/Src/main.o
                0x08002884                HAL_TIM_PeriodElapsedCallback
 .text.Error_Handler
                0x080028a8        0xc ./Core/Src/main.o
                0x080028a8                Error_Handler
 .text.HAL_MspInit
                0x080028b4       0x58 ./Core/Src/stm32f4xx_hal_msp.o
                0x080028b4                HAL_MspInit
 .text.HAL_I2C_MspInit
                0x0800290c       0x90 ./Core/Src/stm32f4xx_hal_msp.o
                0x0800290c                HAL_I2C_MspInit
 .text.HAL_TIM_Encoder_MspInit
                0x0800299c       0xfc ./Core/Src/stm32f4xx_hal_msp.o
                0x0800299c                HAL_TIM_Encoder_MspInit
 .text.HAL_TIM_Base_MspInit
                0x08002a98       0x40 ./Core/Src/stm32f4xx_hal_msp.o
                0x08002a98                HAL_TIM_Base_MspInit
 .text.HAL_TIM_PWM_MspInit
                0x08002ad8       0x44 ./Core/Src/stm32f4xx_hal_msp.o
                0x08002ad8                HAL_TIM_PWM_MspInit
 .text.HAL_TIM_MspPostInit
                0x08002b1c       0xc0 ./Core/Src/stm32f4xx_hal_msp.o
                0x08002b1c                HAL_TIM_MspPostInit
 .text.HAL_UART_MspInit
                0x08002bdc      0x164 ./Core/Src/stm32f4xx_hal_msp.o
                0x08002bdc                HAL_UART_MspInit
 .text.HAL_InitTick
                0x08002d40       0xf8 ./Core/Src/stm32f4xx_hal_timebase_tim.o
                0x08002d40                HAL_InitTick
 .text.NMI_Handler
                0x08002e38        0x8 ./Core/Src/stm32f4xx_it.o
                0x08002e38                NMI_Handler
 .text.HardFault_Handler
                0x08002e40        0x8 ./Core/Src/stm32f4xx_it.o
                0x08002e40                HardFault_Handler
 .text.MemManage_Handler
                0x08002e48        0x8 ./Core/Src/stm32f4xx_it.o
                0x08002e48                MemManage_Handler
 .text.BusFault_Handler
                0x08002e50        0x8 ./Core/Src/stm32f4xx_it.o
                0x08002e50                BusFault_Handler
 .text.UsageFault_Handler
                0x08002e58        0x8 ./Core/Src/stm32f4xx_it.o
                0x08002e58                UsageFault_Handler
 .text.DebugMon_Handler
                0x08002e60        0xe ./Core/Src/stm32f4xx_it.o
                0x08002e60                DebugMon_Handler
 *fill*         0x08002e6e        0x2 
 .text.TIM6_DAC_IRQHandler
                0x08002e70       0x14 ./Core/Src/stm32f4xx_it.o
                0x08002e70                TIM6_DAC_IRQHandler
 .text._getpid  0x08002e84       0x10 ./Core/Src/syscalls.o
                0x08002e84                _getpid
 .text._kill    0x08002e94       0x20 ./Core/Src/syscalls.o
                0x08002e94                _kill
 .text._exit    0x08002eb4       0x16 ./Core/Src/syscalls.o
                0x08002eb4                _exit
 .text._read    0x08002eca       0x3a ./Core/Src/syscalls.o
                0x08002eca                _read
 .text._close   0x08002f04       0x18 ./Core/Src/syscalls.o
                0x08002f04                _close
 .text._fstat   0x08002f1c       0x20 ./Core/Src/syscalls.o
                0x08002f1c                _fstat
 .text._isatty  0x08002f3c       0x16 ./Core/Src/syscalls.o
                0x08002f3c                _isatty
 .text._lseek   0x08002f52       0x1a ./Core/Src/syscalls.o
                0x08002f52                _lseek
 .text._sbrk    0x08002f6c       0x6c ./Core/Src/sysmem.o
                0x08002f6c                _sbrk
 .text.SystemInit
                0x08002fd8       0x24 ./Core/Src/system_stm32f4xx.o
                0x08002fd8                SystemInit
 .text.Reset_Handler
                0x08002ffc       0x50 ./Core/Startup/startup_stm32f446retx.o
                0x08002ffc                Reset_Handler
 .text.Default_Handler
                0x0800304c        0x2 ./Core/Startup/startup_stm32f446retx.o
                0x0800304c                RTC_Alarm_IRQHandler
                0x0800304c                EXTI2_IRQHandler
                0x0800304c                TIM8_CC_IRQHandler
                0x0800304c                FMPI2C1_EV_IRQHandler
                0x0800304c                SPI4_IRQHandler
                0x0800304c                TIM1_CC_IRQHandler
                0x0800304c                DMA2_Stream5_IRQHandler
                0x0800304c                DMA1_Stream5_IRQHandler
                0x0800304c                PVD_IRQHandler
                0x0800304c                SDIO_IRQHandler
                0x0800304c                TAMP_STAMP_IRQHandler
                0x0800304c                CAN2_RX1_IRQHandler
                0x0800304c                EXTI3_IRQHandler
                0x0800304c                TIM8_TRG_COM_TIM14_IRQHandler
                0x0800304c                TIM1_UP_TIM10_IRQHandler
                0x0800304c                TIM8_UP_TIM13_IRQHandler
                0x0800304c                I2C3_ER_IRQHandler
                0x0800304c                EXTI0_IRQHandler
                0x0800304c                I2C2_EV_IRQHandler
                0x0800304c                DMA1_Stream2_IRQHandler
                0x0800304c                CAN1_RX0_IRQHandler
                0x0800304c                FPU_IRQHandler
                0x0800304c                OTG_HS_WKUP_IRQHandler
                0x0800304c                CAN2_SCE_IRQHandler
                0x0800304c                DMA2_Stream2_IRQHandler
                0x0800304c                SPI1_IRQHandler
                0x0800304c                TIM1_BRK_TIM9_IRQHandler
                0x0800304c                DCMI_IRQHandler
                0x0800304c                CAN2_RX0_IRQHandler
                0x0800304c                DMA2_Stream3_IRQHandler
                0x0800304c                SAI2_IRQHandler
                0x0800304c                USART6_IRQHandler
                0x0800304c                USART3_IRQHandler
                0x0800304c                CAN1_RX1_IRQHandler
                0x0800304c                UART5_IRQHandler
                0x0800304c                DMA2_Stream0_IRQHandler
                0x0800304c                TIM4_IRQHandler
                0x0800304c                QUADSPI_IRQHandler
                0x0800304c                I2C1_EV_IRQHandler
                0x0800304c                DMA1_Stream6_IRQHandler
                0x0800304c                DMA1_Stream1_IRQHandler
                0x0800304c                UART4_IRQHandler
                0x0800304c                TIM3_IRQHandler
                0x0800304c                RCC_IRQHandler
                0x0800304c                TIM8_BRK_TIM12_IRQHandler
                0x0800304c                Default_Handler
                0x0800304c                CEC_IRQHandler
                0x0800304c                EXTI15_10_IRQHandler
                0x0800304c                ADC_IRQHandler
                0x0800304c                DMA1_Stream7_IRQHandler
                0x0800304c                TIM7_IRQHandler
                0x0800304c                CAN2_TX_IRQHandler
                0x0800304c                TIM5_IRQHandler
                0x0800304c                DMA2_Stream7_IRQHandler
                0x0800304c                I2C3_EV_IRQHandler
                0x0800304c                EXTI9_5_IRQHandler
                0x0800304c                RTC_WKUP_IRQHandler
                0x0800304c                SPDIF_RX_IRQHandler
                0x0800304c                SPI2_IRQHandler
                0x0800304c                OTG_HS_EP1_IN_IRQHandler
                0x0800304c                DMA1_Stream0_IRQHandler
                0x0800304c                CAN1_TX_IRQHandler
                0x0800304c                FMPI2C1_ER_IRQHandler
                0x0800304c                EXTI4_IRQHandler
                0x0800304c                OTG_HS_EP1_OUT_IRQHandler
                0x0800304c                WWDG_IRQHandler
                0x0800304c                TIM2_IRQHandler
                0x0800304c                OTG_FS_WKUP_IRQHandler
                0x0800304c                TIM1_TRG_COM_TIM11_IRQHandler
                0x0800304c                OTG_HS_IRQHandler
                0x0800304c                EXTI1_IRQHandler
                0x0800304c                USART2_IRQHandler
                0x0800304c                I2C2_ER_IRQHandler
                0x0800304c                DMA2_Stream1_IRQHandler
                0x0800304c                CAN1_SCE_IRQHandler
                0x0800304c                FLASH_IRQHandler
                0x0800304c                DMA2_Stream4_IRQHandler
                0x0800304c                USART1_IRQHandler
                0x0800304c                OTG_FS_IRQHandler
                0x0800304c                SPI3_IRQHandler
                0x0800304c                DMA1_Stream4_IRQHandler
                0x0800304c                I2C1_ER_IRQHandler
                0x0800304c                FMC_IRQHandler
                0x0800304c                DMA2_Stream6_IRQHandler
                0x0800304c                SAI1_IRQHandler
                0x0800304c                DMA1_Stream3_IRQHandler
 *fill*         0x0800304e        0x2 
 .text.HAL_Init
                0x08003050       0x44 ./Drivers/STM32F4xx_HAL_Driver/Src/stm32f4xx_hal.o
                0x08003050                HAL_Init
 .text.HAL_IncTick
                0x08003094       0x28 ./Drivers/STM32F4xx_HAL_Driver/Src/stm32f4xx_hal.o
                0x08003094                HAL_IncTick
 .text.HAL_GetTick
                0x080030bc       0x18 ./Drivers/STM32F4xx_HAL_Driver/Src/stm32f4xx_hal.o
                0x080030bc                HAL_GetTick
 .text.HAL_Delay
                0x080030d4       0x48 ./Drivers/STM32F4xx_HAL_Driver/Src/stm32f4xx_hal.o
                0x080030d4                HAL_Delay
 .text.__NVIC_SetPriorityGrouping
                0x0800311c       0x48 ./Drivers/STM32F4xx_HAL_Driver/Src/stm32f4xx_hal_cortex.o
 .text.__NVIC_GetPriorityGrouping
                0x08003164       0x1c ./Drivers/STM32F4xx_HAL_Driver/Src/stm32f4xx_hal_cortex.o
 .text.__NVIC_EnableIRQ
                0x08003180       0x3c ./Drivers/STM32F4xx_HAL_Driver/Src/stm32f4xx_hal_cortex.o
 .text.__NVIC_SetPriority
                0x080031bc       0x54 ./Drivers/STM32F4xx_HAL_Driver/Src/stm32f4xx_hal_cortex.o
 .text.NVIC_EncodePriority
                0x08003210       0x66 ./Drivers/STM32F4xx_HAL_Driver/Src/stm32f4xx_hal_cortex.o
 .text.HAL_NVIC_SetPriorityGrouping
                0x08003276       0x16 ./Drivers/STM32F4xx_HAL_Driver/Src/stm32f4xx_hal_cortex.o
                0x08003276                HAL_NVIC_SetPriorityGrouping
 .text.HAL_NVIC_SetPriority
                0x0800328c       0x38 ./Drivers/STM32F4xx_HAL_Driver/Src/stm32f4xx_hal_cortex.o
                0x0800328c                HAL_NVIC_SetPriority
 .text.HAL_NVIC_EnableIRQ
                0x080032c4       0x1c ./Drivers/STM32F4xx_HAL_Driver/Src/stm32f4xx_hal_cortex.o
                0x080032c4                HAL_NVIC_EnableIRQ
 .text.HAL_GPIO_Init
                0x080032e0      0x328 ./Drivers/STM32F4xx_HAL_Driver/Src/stm32f4xx_hal_gpio.o
                0x080032e0                HAL_GPIO_Init
 .text.HAL_GPIO_DeInit
                0x08003608      0x1e8 ./Drivers/STM32F4xx_HAL_Driver/Src/stm32f4xx_hal_gpio.o
                0x08003608                HAL_GPIO_DeInit
 .text.HAL_GPIO_ReadPin
                0x080037f0       0x30 ./Drivers/STM32F4xx_HAL_Driver/Src/stm32f4xx_hal_gpio.o
                0x080037f0                HAL_GPIO_ReadPin
 .text.HAL_GPIO_WritePin
                0x08003820       0x32 ./Drivers/STM32F4xx_HAL_Driver/Src/stm32f4xx_hal_gpio.o
                0x08003820                HAL_GPIO_WritePin
 *fill*         0x08003852        0x2 
 .text.HAL_I2C_Init
                0x08003854      0x288 ./Drivers/STM32F4xx_HAL_Driver/Src/stm32f4xx_hal_i2c.o
                0x08003854                HAL_I2C_Init
 .text.HAL_I2C_Master_Transmit
                0x08003adc      0x1fc ./Drivers/STM32F4xx_HAL_Driver/Src/stm32f4xx_hal_i2c.o
                0x08003adc                HAL_I2C_Master_Transmit
 .text.HAL_I2C_Master_Receive
                0x08003cd8      0x464 ./Drivers/STM32F4xx_HAL_Driver/Src/stm32f4xx_hal_i2c.o
                0x08003cd8                HAL_I2C_Master_Receive
 .text.HAL_I2C_Mem_Write
                0x0800413c      0x1f4 ./Drivers/STM32F4xx_HAL_Driver/Src/stm32f4xx_hal_i2c.o
                0x0800413c                HAL_I2C_Mem_Write
 .text.HAL_I2C_Mem_Read
                0x08004330      0x464 ./Drivers/STM32F4xx_HAL_Driver/Src/stm32f4xx_hal_i2c.o
                0x08004330                HAL_I2C_Mem_Read
 .text.I2C_MasterRequestWrite
                0x08004794      0x104 ./Drivers/STM32F4xx_HAL_Driver/Src/stm32f4xx_hal_i2c.o
 .text.I2C_MasterRequestRead
                0x08004898      0x19c ./Drivers/STM32F4xx_HAL_Driver/Src/stm32f4xx_hal_i2c.o
 .text.I2C_RequestMemoryWrite
                0x08004a34      0x12c ./Drivers/STM32F4xx_HAL_Driver/Src/stm32f4xx_hal_i2c.o
 .text.I2C_RequestMemoryRead
                0x08004b60      0x1d0 ./Drivers/STM32F4xx_HAL_Driver/Src/stm32f4xx_hal_i2c.o
 .text.I2C_WaitOnFlagUntilTimeout
                0x08004d30       0xf4 ./Drivers/STM32F4xx_HAL_Driver/Src/stm32f4xx_hal_i2c.o
 .text.I2C_WaitOnMasterAddressFlagUntilTimeout
                0x08004e24      0x140 ./Drivers/STM32F4xx_HAL_Driver/Src/stm32f4xx_hal_i2c.o
 .text.I2C_WaitOnTXEFlagUntilTimeout
                0x08004f64       0x90 ./Drivers/STM32F4xx_HAL_Driver/Src/stm32f4xx_hal_i2c.o
 .text.I2C_WaitOnBTFFlagUntilTimeout
                0x08004ff4       0x90 ./Drivers/STM32F4xx_HAL_Driver/Src/stm32f4xx_hal_i2c.o
 .text.I2C_WaitOnRXNEFlagUntilTimeout
                0x08005084       0xba ./Drivers/STM32F4xx_HAL_Driver/Src/stm32f4xx_hal_i2c.o
 .text.I2C_IsAcknowledgeFailed
                0x0800513e       0x5e ./Drivers/STM32F4xx_HAL_Driver/Src/stm32f4xx_hal_i2c.o
 .text.HAL_RCC_ClockConfig
                0x0800519c      0x1cc ./Drivers/STM32F4xx_HAL_Driver/Src/stm32f4xx_hal_rcc.o
                0x0800519c                HAL_RCC_ClockConfig
 .text.HAL_RCC_GetHCLKFreq
                0x08005368       0x18 ./Drivers/STM32F4xx_HAL_Driver/Src/stm32f4xx_hal_rcc.o
                0x08005368                HAL_RCC_GetHCLKFreq
 .text.HAL_RCC_GetPCLK1Freq
                0x08005380       0x28 ./Drivers/STM32F4xx_HAL_Driver/Src/stm32f4xx_hal_rcc.o
                0x08005380                HAL_RCC_GetPCLK1Freq
 .text.HAL_RCC_GetPCLK2Freq
                0x080053a8       0x28 ./Drivers/STM32F4xx_HAL_Driver/Src/stm32f4xx_hal_rcc.o
                0x080053a8                HAL_RCC_GetPCLK2Freq
 .text.HAL_RCC_GetClockConfig
                0x080053d0       0x64 ./Drivers/STM32F4xx_HAL_Driver/Src/stm32f4xx_hal_rcc.o
                0x080053d0                HAL_RCC_GetClockConfig
 .text.HAL_RCC_GetSysClockFreq
                0x08005434      0x460 ./Drivers/STM32F4xx_HAL_Driver/Src/stm32f4xx_hal_rcc_ex.o
                0x08005434                HAL_RCC_GetSysClockFreq
 .text.HAL_RCC_OscConfig
                0x08005894      0x53c ./Drivers/STM32F4xx_HAL_Driver/Src/stm32f4xx_hal_rcc_ex.o
                0x08005894                HAL_RCC_OscConfig
 .text.HAL_TIM_Base_Init
                0x08005dd0       0x9e ./Drivers/STM32F4xx_HAL_Driver/Src/stm32f4xx_hal_tim.o
                0x08005dd0                HAL_TIM_Base_Init
 *fill*         0x08005e6e        0x2 
 .text.HAL_TIM_Base_Start_IT
                0x08005e70       0xe0 ./Drivers/STM32F4xx_HAL_Driver/Src/stm32f4xx_hal_tim.o
                0x08005e70                HAL_TIM_Base_Start_IT
 .text.HAL_TIM_PWM_Init
                0x08005f50       0x9e ./Drivers/STM32F4xx_HAL_Driver/Src/stm32f4xx_hal_tim.o
                0x08005f50                HAL_TIM_PWM_Init
 *fill*         0x08005fee        0x2 
 .text.HAL_TIM_PWM_Start
                0x08005ff0      0x190 ./Drivers/STM32F4xx_HAL_Driver/Src/stm32f4xx_hal_tim.o
                0x08005ff0                HAL_TIM_PWM_Start
 .text.HAL_TIM_Encoder_Init
                0x08006180      0x14c ./Drivers/STM32F4xx_HAL_Driver/Src/stm32f4xx_hal_tim.o
                0x08006180                HAL_TIM_Encoder_Init
 .text.HAL_TIM_Encoder_Start
                0x080062cc      0x11c ./Drivers/STM32F4xx_HAL_Driver/Src/stm32f4xx_hal_tim.o
                0x080062cc                HAL_TIM_Encoder_Start
 .text.HAL_TIM_IRQHandler
                0x080063e8      0x1e0 ./Drivers/STM32F4xx_HAL_Driver/Src/stm32f4xx_hal_tim.o
                0x080063e8                HAL_TIM_IRQHandler
 .text.HAL_TIM_PWM_ConfigChannel
                0x080065c8      0x184 ./Drivers/STM32F4xx_HAL_Driver/Src/stm32f4xx_hal_tim.o
                0x080065c8                HAL_TIM_PWM_ConfigChannel
 .text.HAL_TIM_ConfigClockSource
                0x0800674c      0x18e ./Drivers/STM32F4xx_HAL_Driver/Src/stm32f4xx_hal_tim.o
                0x0800674c                HAL_TIM_ConfigClockSource
 .text.HAL_TIM_OC_DelayElapsedCallback
                0x080068da       0x14 ./Drivers/STM32F4xx_HAL_Driver/Src/stm32f4xx_hal_tim.o
                0x080068da                HAL_TIM_OC_DelayElapsedCallback
 .text.HAL_TIM_IC_CaptureCallback
                0x080068ee       0x14 ./Drivers/STM32F4xx_HAL_Driver/Src/stm32f4xx_hal_tim.o
                0x080068ee                HAL_TIM_IC_CaptureCallback
 .text.HAL_TIM_PWM_PulseFinishedCallback
                0x08006902       0x14 ./Drivers/STM32F4xx_HAL_Driver/Src/stm32f4xx_hal_tim.o
                0x08006902                HAL_TIM_PWM_PulseFinishedCallback
 .text.HAL_TIM_TriggerCallback
                0x08006916       0x14 ./Drivers/STM32F4xx_HAL_Driver/Src/stm32f4xx_hal_tim.o
                0x08006916                HAL_TIM_TriggerCallback
 *fill*         0x0800692a        0x2 
 .text.TIM_Base_SetConfig
                0x0800692c      0x158 ./Drivers/STM32F4xx_HAL_Driver/Src/stm32f4xx_hal_tim.o
                0x0800692c                TIM_Base_SetConfig
 .text.TIM_OC1_SetConfig
                0x08006a84       0xe0 ./Drivers/STM32F4xx_HAL_Driver/Src/stm32f4xx_hal_tim.o
 .text.TIM_OC2_SetConfig
                0x08006b64       0xec ./Drivers/STM32F4xx_HAL_Driver/Src/stm32f4xx_hal_tim.o
                0x08006b64                TIM_OC2_SetConfig
 .text.TIM_OC3_SetConfig
                0x08006c50       0xe8 ./Drivers/STM32F4xx_HAL_Driver/Src/stm32f4xx_hal_tim.o
 .text.TIM_OC4_SetConfig
                0x08006d38       0xac ./Drivers/STM32F4xx_HAL_Driver/Src/stm32f4xx_hal_tim.o
 .text.TIM_TI1_ConfigInputStage
                0x08006de4       0x5e ./Drivers/STM32F4xx_HAL_Driver/Src/stm32f4xx_hal_tim.o
 .text.TIM_TI2_ConfigInputStage
                0x08006e42       0x60 ./Drivers/STM32F4xx_HAL_Driver/Src/stm32f4xx_hal_tim.o
 .text.TIM_ITRx_SetConfig
                0x08006ea2       0x36 ./Drivers/STM32F4xx_HAL_Driver/Src/stm32f4xx_hal_tim.o
 .text.TIM_ETR_SetConfig
                0x08006ed8       0x40 ./Drivers/STM32F4xx_HAL_Driver/Src/stm32f4xx_hal_tim.o
                0x08006ed8                TIM_ETR_SetConfig
 .text.TIM_CCxChannelCmd
                0x08006f18       0x4a ./Drivers/STM32F4xx_HAL_Driver/Src/stm32f4xx_hal_tim.o
                0x08006f18                TIM_CCxChannelCmd
 *fill*         0x08006f62        0x2 
 .text.HAL_TIMEx_MasterConfigSynchronization
                0x08006f64       0xf8 ./Drivers/STM32F4xx_HAL_Driver/Src/stm32f4xx_hal_tim_ex.o
                0x08006f64                HAL_TIMEx_MasterConfigSynchronization
 .text.HAL_TIMEx_ConfigBreakDeadTime
                0x0800705c       0xa4 ./Drivers/STM32F4xx_HAL_Driver/Src/stm32f4xx_hal_tim_ex.o
                0x0800705c                HAL_TIMEx_ConfigBreakDeadTime
 .text.HAL_TIMEx_CommutCallback
                0x08007100       0x14 ./Drivers/STM32F4xx_HAL_Driver/Src/stm32f4xx_hal_tim_ex.o
                0x08007100                HAL_TIMEx_CommutCallback
 .text.HAL_TIMEx_BreakCallback
                0x08007114       0x14 ./Drivers/STM32F4xx_HAL_Driver/Src/stm32f4xx_hal_tim_ex.o
                0x08007114                HAL_TIMEx_BreakCallback
 .text.HAL_UART_Init
                0x08007128       0xa0 ./Drivers/STM32F4xx_HAL_Driver/Src/stm32f4xx_hal_uart.o
                0x08007128                HAL_UART_Init
 .text.HAL_HalfDuplex_Init
                0x080071c8       0xb0 ./Drivers/STM32F4xx_HAL_Driver/Src/stm32f4xx_hal_uart.o
                0x080071c8                HAL_HalfDuplex_Init
 .text.UART_SetConfig
                0x08007278      0x4e8 ./Drivers/STM32F4xx_HAL_Driver/Src/stm32f4xx_hal_uart.o
 .text.__NVIC_SetPriority
                0x08007760       0x54 ./Middlewares/Third_Party/FreeRTOS/Source/CMSIS_RTOS_V2/cmsis_os2.o
 .text.SysTick_Handler
                0x080077b4       0x20 ./Middlewares/Third_Party/FreeRTOS/Source/CMSIS_RTOS_V2/cmsis_os2.o
                0x080077b4                SysTick_Handler
 .text.SVC_Setup
                0x080077d4       0x12 ./Middlewares/Third_Party/FreeRTOS/Source/CMSIS_RTOS_V2/cmsis_os2.o
 *fill*         0x080077e6        0x2 
 .text.osKernelInitialize
                0x080077e8       0x48 ./Middlewares/Third_Party/FreeRTOS/Source/CMSIS_RTOS_V2/cmsis_os2.o
                0x080077e8                osKernelInitialize
 .text.osKernelStart
                0x08007830       0x4c ./Middlewares/Third_Party/FreeRTOS/Source/CMSIS_RTOS_V2/cmsis_os2.o
                0x08007830                osKernelStart
 .text.osKernelGetTickCount
                0x0800787c       0x2a ./Middlewares/Third_Party/FreeRTOS/Source/CMSIS_RTOS_V2/cmsis_os2.o
                0x0800787c                osKernelGetTickCount
 .text.osKernelGetTickFreq
                0x080078a6       0x12 ./Middlewares/Third_Party/FreeRTOS/Source/CMSIS_RTOS_V2/cmsis_os2.o
                0x080078a6                osKernelGetTickFreq
 .text.osThreadNew
                0x080078b8      0x124 ./Middlewares/Third_Party/FreeRTOS/Source/CMSIS_RTOS_V2/cmsis_os2.o
                0x080078b8                osThreadNew
 .text.osDelay  0x080079dc       0x36 ./Middlewares/Third_Party/FreeRTOS/Source/CMSIS_RTOS_V2/cmsis_os2.o
                0x080079dc                osDelay
 .text.osEventFlagsNew
                0x08007a12       0x7e ./Middlewares/Third_Party/FreeRTOS/Source/CMSIS_RTOS_V2/cmsis_os2.o
                0x08007a12                osEventFlagsNew
 .text.osEventFlagsSet
                0x08007a90       0x84 ./Middlewares/Third_Party/FreeRTOS/Source/CMSIS_RTOS_V2/cmsis_os2.o
                0x08007a90                osEventFlagsSet
 .text.osEventFlagsWait
                0x08007b14       0xca ./Middlewares/Third_Party/FreeRTOS/Source/CMSIS_RTOS_V2/cmsis_os2.o
                0x08007b14                osEventFlagsWait
 .text.osMutexNew
                0x08007bde      0x10c ./Middlewares/Third_Party/FreeRTOS/Source/CMSIS_RTOS_V2/cmsis_os2.o
                0x08007bde                osMutexNew
 .text.osMutexAcquire
                0x08007cea       0x96 ./Middlewares/Third_Party/FreeRTOS/Source/CMSIS_RTOS_V2/cmsis_os2.o
                0x08007cea                osMutexAcquire
 .text.osMutexRelease
                0x08007d80       0x7a ./Middlewares/Third_Party/FreeRTOS/Source/CMSIS_RTOS_V2/cmsis_os2.o
                0x08007d80                osMutexRelease
 .text.osMessageQueueNew
                0x08007dfa       0xe6 ./Middlewares/Third_Party/FreeRTOS/Source/CMSIS_RTOS_V2/cmsis_os2.o
                0x08007dfa                osMessageQueueNew
 .text.osMessageQueuePut
                0x08007ee0       0xc0 ./Middlewares/Third_Party/FreeRTOS/Source/CMSIS_RTOS_V2/cmsis_os2.o
                0x08007ee0                osMessageQueuePut
 .text.osMessageQueueGet
                0x08007fa0       0xbc ./Middlewares/Third_Party/FreeRTOS/Source/CMSIS_RTOS_V2/cmsis_os2.o
                0x08007fa0                osMessageQueueGet
 .text.vApplicationGetIdleTaskMemory
                0x0800805c       0x34 ./Middlewares/Third_Party/FreeRTOS/Source/CMSIS_RTOS_V2/cmsis_os2.o
                0x0800805c                vApplicationGetIdleTaskMemory
 .text.vApplicationGetTimerTaskMemory
                0x08008090       0x34 ./Middlewares/Third_Party/FreeRTOS/Source/CMSIS_RTOS_V2/cmsis_os2.o
                0x08008090                vApplicationGetTimerTaskMemory
 .text.xEventGroupCreateStatic
                0x080080c4       0x72 ./Middlewares/Third_Party/FreeRTOS/Source/event_groups.o
                0x080080c4                xEventGroupCreateStatic
 .text.xEventGroupCreate
                0x08008136       0x34 ./Middlewares/Third_Party/FreeRTOS/Source/event_groups.o
                0x08008136                xEventGroupCreate
 *fill*         0x0800816a        0x2 
 .text.xEventGroupWaitBits
                0x0800816c      0x1a4 ./Middlewares/Third_Party/FreeRTOS/Source/event_groups.o
                0x0800816c                xEventGroupWaitBits
 .text.xEventGroupSetBits
                0x08008310      0x118 ./Middlewares/Third_Party/FreeRTOS/Source/event_groups.o
                0x08008310                xEventGroupSetBits
 .text.vEventGroupSetBitsCallback
                0x08008428       0x1a ./Middlewares/Third_Party/FreeRTOS/Source/event_groups.o
                0x08008428                vEventGroupSetBitsCallback
 .text.prvTestWaitCondition
                0x08008442       0x44 ./Middlewares/Third_Party/FreeRTOS/Source/event_groups.o
 *fill*         0x08008486        0x2 
 .text.xEventGroupSetBitsFromISR
                0x08008488       0x28 ./Middlewares/Third_Party/FreeRTOS/Source/event_groups.o
                0x08008488                xEventGroupSetBitsFromISR
 .text.vListInitialise
                0x080084b0       0x40 ./Middlewares/Third_Party/FreeRTOS/Source/list.o
                0x080084b0                vListInitialise
 .text.vListInitialiseItem
                0x080084f0       0x1a ./Middlewares/Third_Party/FreeRTOS/Source/list.o
                0x080084f0                vListInitialiseItem
 .text.vListInsertEnd
                0x0800850a       0x48 ./Middlewares/Third_Party/FreeRTOS/Source/list.o
                0x0800850a                vListInsertEnd
 .text.vListInsert
                0x08008552       0x72 ./Middlewares/Third_Party/FreeRTOS/Source/list.o
                0x08008552                vListInsert
 .text.uxListRemove
                0x080085c4       0x54 ./Middlewares/Third_Party/FreeRTOS/Source/list.o
                0x080085c4                uxListRemove
 .text.xQueueGenericReset
                0x08008618       0xd4 ./Middlewares/Third_Party/FreeRTOS/Source/queue.o
                0x08008618                xQueueGenericReset
 .text.xQueueGenericCreateStatic
                0x080086ec       0xfa ./Middlewares/Third_Party/FreeRTOS/Source/queue.o
                0x080086ec                xQueueGenericCreateStatic
 .text.xQueueGenericCreate
                0x080087e6       0x76 ./Middlewares/Third_Party/FreeRTOS/Source/queue.o
                0x080087e6                xQueueGenericCreate
 .text.prvInitialiseNewQueue
                0x0800885c       0x46 ./Middlewares/Third_Party/FreeRTOS/Source/queue.o
 .text.prvInitialiseMutex
                0x080088a2       0x34 ./Middlewares/Third_Party/FreeRTOS/Source/queue.o
 .text.xQueueCreateMutex
                0x080088d6       0x30 ./Middlewares/Third_Party/FreeRTOS/Source/queue.o
                0x080088d6                xQueueCreateMutex
 .text.xQueueCreateMutexStatic
                0x08008906       0x36 ./Middlewares/Third_Party/FreeRTOS/Source/queue.o
                0x08008906                xQueueCreateMutexStatic
 .text.xQueueGiveMutexRecursive
                0x0800893c       0x6a ./Middlewares/Third_Party/FreeRTOS/Source/queue.o
                0x0800893c                xQueueGiveMutexRecursive
 .text.xQueueTakeMutexRecursive
                0x080089a6       0x6e ./Middlewares/Third_Party/FreeRTOS/Source/queue.o
                0x080089a6                xQueueTakeMutexRecursive
 .text.xQueueGenericSend
                0x08008a14      0x204 ./Middlewares/Third_Party/FreeRTOS/Source/queue.o
                0x08008a14                xQueueGenericSend
 .text.xQueueGenericSendFromISR
                0x08008c18      0x13c ./Middlewares/Third_Party/FreeRTOS/Source/queue.o
                0x08008c18                xQueueGenericSendFromISR
 .text.xQueueReceive
                0x08008d54      0x1c4 ./Middlewares/Third_Party/FreeRTOS/Source/queue.o
                0x08008d54                xQueueReceive
 .text.xQueueSemaphoreTake
                0x08008f18      0x220 ./Middlewares/Third_Party/FreeRTOS/Source/queue.o
                0x08008f18                xQueueSemaphoreTake
 .text.xQueueReceiveFromISR
                0x08009138      0x104 ./Middlewares/Third_Party/FreeRTOS/Source/queue.o
                0x08009138                xQueueReceiveFromISR
 .text.prvGetDisinheritPriorityAfterTimeout
                0x0800923c       0x30 ./Middlewares/Third_Party/FreeRTOS/Source/queue.o
 .text.prvCopyDataToQueue
                0x0800926c       0xd4 ./Middlewares/Third_Party/FreeRTOS/Source/queue.o
 .text.prvCopyDataFromQueue
                0x08009340       0x4c ./Middlewares/Third_Party/FreeRTOS/Source/queue.o
 .text.prvUnlockQueue
                0x0800938c       0xa4 ./Middlewares/Third_Party/FreeRTOS/Source/queue.o
 .text.prvIsQueueEmpty
                0x08009430       0x2c ./Middlewares/Third_Party/FreeRTOS/Source/queue.o
 .text.prvIsQueueFull
                0x0800945c       0x30 ./Middlewares/Third_Party/FreeRTOS/Source/queue.o
 .text.vQueueAddToRegistry
                0x0800948c       0x54 ./Middlewares/Third_Party/FreeRTOS/Source/queue.o
                0x0800948c                vQueueAddToRegistry
 .text.vQueueWaitForMessageRestricted
                0x080094e0       0x68 ./Middlewares/Third_Party/FreeRTOS/Source/queue.o
                0x080094e0                vQueueWaitForMessageRestricted
 .text.xTaskCreateStatic
                0x08009548       0xc0 ./Middlewares/Third_Party/FreeRTOS/Source/tasks.o
                0x08009548                xTaskCreateStatic
 .text.xTaskCreate
                0x08009608       0x8a ./Middlewares/Third_Party/FreeRTOS/Source/tasks.o
                0x08009608                xTaskCreate
 *fill*         0x08009692        0x2 
 .text.prvInitialiseNewTask
                0x08009694      0x154 ./Middlewares/Third_Party/FreeRTOS/Source/tasks.o
 .text.prvAddNewTaskToReadyList
                0x080097e8       0xe0 ./Middlewares/Third_Party/FreeRTOS/Source/tasks.o
 .text.vTaskDelay
                0x080098c8       0x6c ./Middlewares/Third_Party/FreeRTOS/Source/tasks.o
                0x080098c8                vTaskDelay
 .text.vTaskStartScheduler
                0x08009934       0xe0 ./Middlewares/Third_Party/FreeRTOS/Source/tasks.o
                0x08009934                vTaskStartScheduler
 .text.vTaskSuspendAll
                0x08009a14       0x1c ./Middlewares/Third_Party/FreeRTOS/Source/tasks.o
                0x08009a14                vTaskSuspendAll
 .text.xTaskResumeAll
                0x08009a30      0x13c ./Middlewares/Third_Party/FreeRTOS/Source/tasks.o
                0x08009a30                xTaskResumeAll
 .text.xTaskGetTickCount
                0x08009b6c       0x20 ./Middlewares/Third_Party/FreeRTOS/Source/tasks.o
                0x08009b6c                xTaskGetTickCount
 .text.xTaskGetTickCountFromISR
                0x08009b8c       0x24 ./Middlewares/Third_Party/FreeRTOS/Source/tasks.o
                0x08009b8c                xTaskGetTickCountFromISR
 .text.xTaskIncrementTick
                0x08009bb0      0x174 ./Middlewares/Third_Party/FreeRTOS/Source/tasks.o
                0x08009bb0                xTaskIncrementTick
 .text.vTaskSwitchContext
                0x08009d24       0xcc ./Middlewares/Third_Party/FreeRTOS/Source/tasks.o
                0x08009d24                vTaskSwitchContext
 .text.vTaskPlaceOnEventList
                0x08009df0       0x4c ./Middlewares/Third_Party/FreeRTOS/Source/tasks.o
                0x08009df0                vTaskPlaceOnEventList
 .text.vTaskPlaceOnUnorderedEventList
                0x08009e3c       0x7c ./Middlewares/Third_Party/FreeRTOS/Source/tasks.o
                0x08009e3c                vTaskPlaceOnUnorderedEventList
 .text.vTaskPlaceOnEventListRestricted
                0x08009eb8       0x58 ./Middlewares/Third_Party/FreeRTOS/Source/tasks.o
                0x08009eb8                vTaskPlaceOnEventListRestricted
 .text.xTaskRemoveFromEventList
                0x08009f10       0xc8 ./Middlewares/Third_Party/FreeRTOS/Source/tasks.o
                0x08009f10                xTaskRemoveFromEventList
 .text.vTaskRemoveFromUnorderedEventList
                0x08009fd8       0xc8 ./Middlewares/Third_Party/FreeRTOS/Source/tasks.o
                0x08009fd8                vTaskRemoveFromUnorderedEventList
 .text.vTaskInternalSetTimeOutState
                0x0800a0a0       0x2c ./Middlewares/Third_Party/FreeRTOS/Source/tasks.o
                0x0800a0a0                vTaskInternalSetTimeOutState
 .text.xTaskCheckForTimeOut
                0x0800a0cc       0xc8 ./Middlewares/Third_Party/FreeRTOS/Source/tasks.o
                0x0800a0cc                xTaskCheckForTimeOut
 .text.vTaskMissedYield
                0x0800a194       0x18 ./Middlewares/Third_Party/FreeRTOS/Source/tasks.o
                0x0800a194                vTaskMissedYield
 .text.prvIdleTask
                0x0800a1ac       0x30 ./Middlewares/Third_Party/FreeRTOS/Source/tasks.o
 .text.prvInitialiseTaskLists
                0x0800a1dc       0x80 ./Middlewares/Third_Party/FreeRTOS/Source/tasks.o
 .text.prvCheckTasksWaitingTermination
                0x0800a25c       0x5c ./Middlewares/Third_Party/FreeRTOS/Source/tasks.o
 .text.prvDeleteTCB
                0x0800a2b8       0x6a ./Middlewares/Third_Party/FreeRTOS/Source/tasks.o
 *fill*         0x0800a322        0x2 
 .text.prvResetNextTaskUnblockTime
                0x0800a324       0x40 ./Middlewares/Third_Party/FreeRTOS/Source/tasks.o
 .text.xTaskGetCurrentTaskHandle
                0x0800a364       0x20 ./Middlewares/Third_Party/FreeRTOS/Source/tasks.o
                0x0800a364                xTaskGetCurrentTaskHandle
 .text.xTaskGetSchedulerState
                0x0800a384       0x3c ./Middlewares/Third_Party/FreeRTOS/Source/tasks.o
                0x0800a384                xTaskGetSchedulerState
 .text.xTaskPriorityInherit
                0x0800a3c0       0xd0 ./Middlewares/Third_Party/FreeRTOS/Source/tasks.o
                0x0800a3c0                xTaskPriorityInherit
 .text.xTaskPriorityDisinherit
                0x0800a490       0xe0 ./Middlewares/Third_Party/FreeRTOS/Source/tasks.o
                0x0800a490                xTaskPriorityDisinherit
 .text.vTaskPriorityDisinheritAfterTimeout
                0x0800a570      0x108 ./Middlewares/Third_Party/FreeRTOS/Source/tasks.o
                0x0800a570                vTaskPriorityDisinheritAfterTimeout
 .text.uxTaskResetEventItemValue
                0x0800a678       0x30 ./Middlewares/Third_Party/FreeRTOS/Source/tasks.o
                0x0800a678                uxTaskResetEventItemValue
 .text.pvTaskIncrementMutexHeldCount
                0x0800a6a8       0x28 ./Middlewares/Third_Party/FreeRTOS/Source/tasks.o
                0x0800a6a8                pvTaskIncrementMutexHeldCount
 .text.prvAddCurrentTaskToDelayedList
                0x0800a6d0       0xa8 ./Middlewares/Third_Party/FreeRTOS/Source/tasks.o
 .text.xTimerCreateTimerTask
                0x0800a778       0x94 ./Middlewares/Third_Party/FreeRTOS/Source/timers.o
                0x0800a778                xTimerCreateTimerTask
 .text.xTimerGenericCommand
                0x0800a80c       0x9c ./Middlewares/Third_Party/FreeRTOS/Source/timers.o
                0x0800a80c                xTimerGenericCommand
 .text.prvProcessExpiredTimer
                0x0800a8a8       0x9c ./Middlewares/Third_Party/FreeRTOS/Source/timers.o
 .text.prvTimerTask
                0x0800a944       0x26 ./Middlewares/Third_Party/FreeRTOS/Source/timers.o
 *fill*         0x0800a96a        0x2 
 .text.prvProcessTimerOrBlockTask
                0x0800a96c       0x9c ./Middlewares/Third_Party/FreeRTOS/Source/timers.o
 .text.prvGetNextExpireTime
                0x0800aa08       0x48 ./Middlewares/Third_Party/FreeRTOS/Source/timers.o
 .text.prvSampleTimeNow
                0x0800aa50       0x40 ./Middlewares/Third_Party/FreeRTOS/Source/timers.o
 .text.prvInsertTimerInActiveList
                0x0800aa90       0x84 ./Middlewares/Third_Party/FreeRTOS/Source/timers.o
 .text.prvProcessReceivedCommands
                0x0800ab14      0x1cc ./Middlewares/Third_Party/FreeRTOS/Source/timers.o
 .text.prvSwitchTimerLists
                0x0800ace0       0xcc ./Middlewares/Third_Party/FreeRTOS/Source/timers.o
 .text.prvCheckForValidListAndQueue
                0x0800adac       0x80 ./Middlewares/Third_Party/FreeRTOS/Source/timers.o
 .text.xTimerPendFunctionCallFromISR
                0x0800ae2c       0x40 ./Middlewares/Third_Party/FreeRTOS/Source/timers.o
                0x0800ae2c                xTimerPendFunctionCallFromISR
 .text.pxPortInitialiseStack
                0x0800ae6c       0x68 ./Middlewares/Third_Party/FreeRTOS/Source/portable/GCC/ARM_CM4F/port.o
                0x0800ae6c                pxPortInitialiseStack
 .text.prvTaskExitError
                0x0800aed4       0x5c ./Middlewares/Third_Party/FreeRTOS/Source/portable/GCC/ARM_CM4F/port.o
 .text.SVC_Handler
                0x0800af30       0x28 ./Middlewares/Third_Party/FreeRTOS/Source/portable/GCC/ARM_CM4F/port.o
                0x0800af30                SVC_Handler
 .text.prvPortStartFirstTask
                0x0800af58       0x28 ./Middlewares/Third_Party/FreeRTOS/Source/portable/GCC/ARM_CM4F/port.o
 .text.xPortStartScheduler
                0x0800af80      0x148 ./Middlewares/Third_Party/FreeRTOS/Source/portable/GCC/ARM_CM4F/port.o
                0x0800af80                xPortStartScheduler
 .text.vPortEnterCritical
                0x0800b0c8       0x64 ./Middlewares/Third_Party/FreeRTOS/Source/portable/GCC/ARM_CM4F/port.o
                0x0800b0c8                vPortEnterCritical
 .text.vPortExitCritical
                0x0800b12c       0x54 ./Middlewares/Third_Party/FreeRTOS/Source/portable/GCC/ARM_CM4F/port.o
                0x0800b12c                vPortExitCritical
 .text.PendSV_Handler
                0x0800b180       0x68 ./Middlewares/Third_Party/FreeRTOS/Source/portable/GCC/ARM_CM4F/port.o
                0x0800b180                PendSV_Handler
 .text.xPortSysTickHandler
                0x0800b1e8       0x44 ./Middlewares/Third_Party/FreeRTOS/Source/portable/GCC/ARM_CM4F/port.o
                0x0800b1e8                xPortSysTickHandler
 .text.vPortSetupTimerInterrupt
                0x0800b22c       0x48 ./Middlewares/Third_Party/FreeRTOS/Source/portable/GCC/ARM_CM4F/port.o
                0x0800b22c                vPortSetupTimerInterrupt
 .text.vPortEnableVFP
                0x0800b274       0x14 ./Middlewares/Third_Party/FreeRTOS/Source/portable/GCC/ARM_CM4F/port.o
 .text.vPortValidateInterruptPriority
                0x0800b288       0x84 ./Middlewares/Third_Party/FreeRTOS/Source/portable/GCC/ARM_CM4F/port.o
                0x0800b288                vPortValidateInterruptPriority
 .text.pvPortMalloc
                0x0800b30c      0x19c ./Middlewares/Third_Party/FreeRTOS/Source/portable/MemMang/heap_4.o
                0x0800b30c                pvPortMalloc
 .text.vPortFree
                0x0800b4a8       0xc8 ./Middlewares/Third_Party/FreeRTOS/Source/portable/MemMang/heap_4.o
                0x0800b4a8                vPortFree
 .text.prvHeapInit
                0x0800b570       0xc4 ./Middlewares/Third_Party/FreeRTOS/Source/portable/MemMang/heap_4.o
 .text.prvInsertBlockIntoFreeList
                0x0800b634       0xb4 ./Middlewares/Third_Party/FreeRTOS/Source/portable/MemMang/heap_4.o
 .text.__cvt    0x0800b6e8       0xca C:/ST/STM32CubeIDE_1.18.1/STM32CubeIDE/plugins/com.st.stm32cube.ide.mcu.externaltools.gnu-tools-for-stm32.13.3.rel1.win32_1.0.0.202411081344/tools/bin/../lib/gcc/arm-none-eabi/13.3.1/../../../../arm-none-eabi/lib/thumb/v7e-m+fp/hard\libc_nano.a(libc_a-nano-vfprintf_float.o)
                0x0800b6e8                __cvt
 .text.__exponent
                0x0800b7b2       0x74 C:/ST/STM32CubeIDE_1.18.1/STM32CubeIDE/plugins/com.st.stm32cube.ide.mcu.externaltools.gnu-tools-for-stm32.13.3.rel1.win32_1.0.0.202411081344/tools/bin/../lib/gcc/arm-none-eabi/13.3.1/../../../../arm-none-eabi/lib/thumb/v7e-m+fp/hard\libc_nano.a(libc_a-nano-vfprintf_float.o)
                0x0800b7b2                __exponent
 *fill*         0x0800b826        0x2 
 .text._printf_float
                0x0800b828      0x454 C:/ST/STM32CubeIDE_1.18.1/STM32CubeIDE/plugins/com.st.stm32cube.ide.mcu.externaltools.gnu-tools-for-stm32.13.3.rel1.win32_1.0.0.202411081344/tools/bin/../lib/gcc/arm-none-eabi/13.3.1/../../../../arm-none-eabi/lib/thumb/v7e-m+fp/hard\libc_nano.a(libc_a-nano-vfprintf_float.o)
                0x0800b828                _printf_float
 .text._printf_common
                0x0800bc7c       0xda C:/ST/STM32CubeIDE_1.18.1/STM32CubeIDE/plugins/com.st.stm32cube.ide.mcu.externaltools.gnu-tools-for-stm32.13.3.rel1.win32_1.0.0.202411081344/tools/bin/../lib/gcc/arm-none-eabi/13.3.1/../../../../arm-none-eabi/lib/thumb/v7e-m+fp/hard\libc_nano.a(libc_a-nano-vfprintf_i.o)
                0x0800bc7c                _printf_common
 *fill*         0x0800bd56        0x2 
 .text._printf_i
                0x0800bd58      0x23c C:/ST/STM32CubeIDE_1.18.1/STM32CubeIDE/plugins/com.st.stm32cube.ide.mcu.externaltools.gnu-tools-for-stm32.13.3.rel1.win32_1.0.0.202411081344/tools/bin/../lib/gcc/arm-none-eabi/13.3.1/../../../../arm-none-eabi/lib/thumb/v7e-m+fp/hard\libc_nano.a(libc_a-nano-vfprintf_i.o)
                0x0800bd58                _printf_i
 .text.std      0x0800bf94       0x6c C:/ST/STM32CubeIDE_1.18.1/STM32CubeIDE/plugins/com.st.stm32cube.ide.mcu.externaltools.gnu-tools-for-stm32.13.3.rel1.win32_1.0.0.202411081344/tools/bin/../lib/gcc/arm-none-eabi/13.3.1/../../../../arm-none-eabi/lib/thumb/v7e-m+fp/hard\libc_nano.a(libc_a-findfp.o)
 .text.stdio_exit_handler
                0x0800c000       0x18 C:/ST/STM32CubeIDE_1.18.1/STM32CubeIDE/plugins/com.st.stm32cube.ide.mcu.externaltools.gnu-tools-for-stm32.13.3.rel1.win32_1.0.0.202411081344/tools/bin/../lib/gcc/arm-none-eabi/13.3.1/../../../../arm-none-eabi/lib/thumb/v7e-m+fp/hard\libc_nano.a(libc_a-findfp.o)
 .text.cleanup_stdio
                0x0800c018       0x40 C:/ST/STM32CubeIDE_1.18.1/STM32CubeIDE/plugins/com.st.stm32cube.ide.mcu.externaltools.gnu-tools-for-stm32.13.3.rel1.win32_1.0.0.202411081344/tools/bin/../lib/gcc/arm-none-eabi/13.3.1/../../../../arm-none-eabi/lib/thumb/v7e-m+fp/hard\libc_nano.a(libc_a-findfp.o)
 .text.global_stdio_init.part.0
                0x0800c058       0x3c C:/ST/STM32CubeIDE_1.18.1/STM32CubeIDE/plugins/com.st.stm32cube.ide.mcu.externaltools.gnu-tools-for-stm32.13.3.rel1.win32_1.0.0.202411081344/tools/bin/../lib/gcc/arm-none-eabi/13.3.1/../../../../arm-none-eabi/lib/thumb/v7e-m+fp/hard\libc_nano.a(libc_a-findfp.o)
 .text.__sfp_lock_acquire
                0x0800c094        0xc C:/ST/STM32CubeIDE_1.18.1/STM32CubeIDE/plugins/com.st.stm32cube.ide.mcu.externaltools.gnu-tools-for-stm32.13.3.rel1.win32_1.0.0.202411081344/tools/bin/../lib/gcc/arm-none-eabi/13.3.1/../../../../arm-none-eabi/lib/thumb/v7e-m+fp/hard\libc_nano.a(libc_a-findfp.o)
                0x0800c094                __sfp_lock_acquire
 .text.__sfp_lock_release
                0x0800c0a0        0xc C:/ST/STM32CubeIDE_1.18.1/STM32CubeIDE/plugins/com.st.stm32cube.ide.mcu.externaltools.gnu-tools-for-stm32.13.3.rel1.win32_1.0.0.202411081344/tools/bin/../lib/gcc/arm-none-eabi/13.3.1/../../../../arm-none-eabi/lib/thumb/v7e-m+fp/hard\libc_nano.a(libc_a-findfp.o)
                0x0800c0a0                __sfp_lock_release
 .text.__sinit  0x0800c0ac       0x30 C:/ST/STM32CubeIDE_1.18.1/STM32CubeIDE/plugins/com.st.stm32cube.ide.mcu.externaltools.gnu-tools-for-stm32.13.3.rel1.win32_1.0.0.202411081344/tools/bin/../lib/gcc/arm-none-eabi/13.3.1/../../../../arm-none-eabi/lib/thumb/v7e-m+fp/hard\libc_nano.a(libc_a-findfp.o)
                0x0800c0ac                __sinit
 .text._fwalk_sglue
                0x0800c0dc       0x3c C:/ST/STM32CubeIDE_1.18.1/STM32CubeIDE/plugins/com.st.stm32cube.ide.mcu.externaltools.gnu-tools-for-stm32.13.3.rel1.win32_1.0.0.202411081344/tools/bin/../lib/gcc/arm-none-eabi/13.3.1/../../../../arm-none-eabi/lib/thumb/v7e-m+fp/hard\libc_nano.a(libc_a-fwalk.o)
                0x0800c0dc                _fwalk_sglue
 .text.printf   0x0800c118       0x24 C:/ST/STM32CubeIDE_1.18.1/STM32CubeIDE/plugins/com.st.stm32cube.ide.mcu.externaltools.gnu-tools-for-stm32.13.3.rel1.win32_1.0.0.202411081344/tools/bin/../lib/gcc/arm-none-eabi/13.3.1/../../../../arm-none-eabi/lib/thumb/v7e-m+fp/hard\libc_nano.a(libc_a-printf.o)
                0x0800c118                iprintf
                0x0800c118                printf
 .text._puts_r  0x0800c13c       0xaa C:/ST/STM32CubeIDE_1.18.1/STM32CubeIDE/plugins/com.st.stm32cube.ide.mcu.externaltools.gnu-tools-for-stm32.13.3.rel1.win32_1.0.0.202411081344/tools/bin/../lib/gcc/arm-none-eabi/13.3.1/../../../../arm-none-eabi/lib/thumb/v7e-m+fp/hard\libc_nano.a(libc_a-puts.o)
                0x0800c13c                _puts_r
 *fill*         0x0800c1e6        0x2 
 .text.puts     0x0800c1e8       0x10 C:/ST/STM32CubeIDE_1.18.1/STM32CubeIDE/plugins/com.st.stm32cube.ide.mcu.externaltools.gnu-tools-for-stm32.13.3.rel1.win32_1.0.0.202411081344/tools/bin/../lib/gcc/arm-none-eabi/13.3.1/../../../../arm-none-eabi/lib/thumb/v7e-m+fp/hard\libc_nano.a(libc_a-puts.o)
                0x0800c1e8                puts
 .text.__sread  0x0800c1f8       0x22 C:/ST/STM32CubeIDE_1.18.1/STM32CubeIDE/plugins/com.st.stm32cube.ide.mcu.externaltools.gnu-tools-for-stm32.13.3.rel1.win32_1.0.0.202411081344/tools/bin/../lib/gcc/arm-none-eabi/13.3.1/../../../../arm-none-eabi/lib/thumb/v7e-m+fp/hard\libc_nano.a(libc_a-stdio.o)
                0x0800c1f8                __sread
 .text.__swrite
                0x0800c21a       0x38 C:/ST/STM32CubeIDE_1.18.1/STM32CubeIDE/plugins/com.st.stm32cube.ide.mcu.externaltools.gnu-tools-for-stm32.13.3.rel1.win32_1.0.0.202411081344/tools/bin/../lib/gcc/arm-none-eabi/13.3.1/../../../../arm-none-eabi/lib/thumb/v7e-m+fp/hard\libc_nano.a(libc_a-stdio.o)
                0x0800c21a                __swrite
 .text.__sseek  0x0800c252       0x24 C:/ST/STM32CubeIDE_1.18.1/STM32CubeIDE/plugins/com.st.stm32cube.ide.mcu.externaltools.gnu-tools-for-stm32.13.3.rel1.win32_1.0.0.202411081344/tools/bin/../lib/gcc/arm-none-eabi/13.3.1/../../../../arm-none-eabi/lib/thumb/v7e-m+fp/hard\libc_nano.a(libc_a-stdio.o)
                0x0800c252                __sseek
 .text.__sclose
                0x0800c276        0x8 C:/ST/STM32CubeIDE_1.18.1/STM32CubeIDE/plugins/com.st.stm32cube.ide.mcu.externaltools.gnu-tools-for-stm32.13.3.rel1.win32_1.0.0.202411081344/tools/bin/../lib/gcc/arm-none-eabi/13.3.1/../../../../arm-none-eabi/lib/thumb/v7e-m+fp/hard\libc_nano.a(libc_a-stdio.o)
                0x0800c276                __sclose
 .text.__swbuf_r
                0x0800c27e       0x7c C:/ST/STM32CubeIDE_1.18.1/STM32CubeIDE/plugins/com.st.stm32cube.ide.mcu.externaltools.gnu-tools-for-stm32.13.3.rel1.win32_1.0.0.202411081344/tools/bin/../lib/gcc/arm-none-eabi/13.3.1/../../../../arm-none-eabi/lib/thumb/v7e-m+fp/hard\libc_nano.a(libc_a-wbuf.o)
                0x0800c27e                __swbuf_r
 *fill*         0x0800c2fa        0x2 
 .text.__swsetup_r
                0x0800c2fc       0xac C:/ST/STM32CubeIDE_1.18.1/STM32CubeIDE/plugins/com.st.stm32cube.ide.mcu.externaltools.gnu-tools-for-stm32.13.3.rel1.win32_1.0.0.202411081344/tools/bin/../lib/gcc/arm-none-eabi/13.3.1/../../../../arm-none-eabi/lib/thumb/v7e-m+fp/hard\libc_nano.a(libc_a-wsetup.o)
                0x0800c2fc                __swsetup_r
 .text.memset   0x0800c3a8       0x10 C:/ST/STM32CubeIDE_1.18.1/STM32CubeIDE/plugins/com.st.stm32cube.ide.mcu.externaltools.gnu-tools-for-stm32.13.3.rel1.win32_1.0.0.202411081344/tools/bin/../lib/gcc/arm-none-eabi/13.3.1/../../../../arm-none-eabi/lib/thumb/v7e-m+fp/hard\libc_nano.a(libc_a-memset.o)
                0x0800c3a8                memset
 .text._localeconv_r
                0x0800c3b8        0x8 C:/ST/STM32CubeIDE_1.18.1/STM32CubeIDE/plugins/com.st.stm32cube.ide.mcu.externaltools.gnu-tools-for-stm32.13.3.rel1.win32_1.0.0.202411081344/tools/bin/../lib/gcc/arm-none-eabi/13.3.1/../../../../arm-none-eabi/lib/thumb/v7e-m+fp/hard\libc_nano.a(libc_a-localeconv.o)
                0x0800c3b8                _localeconv_r
 .text._close_r
                0x0800c3c0       0x20 C:/ST/STM32CubeIDE_1.18.1/STM32CubeIDE/plugins/com.st.stm32cube.ide.mcu.externaltools.gnu-tools-for-stm32.13.3.rel1.win32_1.0.0.202411081344/tools/bin/../lib/gcc/arm-none-eabi/13.3.1/../../../../arm-none-eabi/lib/thumb/v7e-m+fp/hard\libc_nano.a(libc_a-closer.o)
                0x0800c3c0                _close_r
 .text._reclaim_reent
                0x0800c3e0       0xbc C:/ST/STM32CubeIDE_1.18.1/STM32CubeIDE/plugins/com.st.stm32cube.ide.mcu.externaltools.gnu-tools-for-stm32.13.3.rel1.win32_1.0.0.202411081344/tools/bin/../lib/gcc/arm-none-eabi/13.3.1/../../../../arm-none-eabi/lib/thumb/v7e-m+fp/hard\libc_nano.a(libc_a-reent.o)
                0x0800c3e0                _reclaim_reent
 .text._lseek_r
                0x0800c49c       0x24 C:/ST/STM32CubeIDE_1.18.1/STM32CubeIDE/plugins/com.st.stm32cube.ide.mcu.externaltools.gnu-tools-for-stm32.13.3.rel1.win32_1.0.0.202411081344/tools/bin/../lib/gcc/arm-none-eabi/13.3.1/../../../../arm-none-eabi/lib/thumb/v7e-m+fp/hard\libc_nano.a(libc_a-lseekr.o)
                0x0800c49c                _lseek_r
 .text._read_r  0x0800c4c0       0x24 C:/ST/STM32CubeIDE_1.18.1/STM32CubeIDE/plugins/com.st.stm32cube.ide.mcu.externaltools.gnu-tools-for-stm32.13.3.rel1.win32_1.0.0.202411081344/tools/bin/../lib/gcc/arm-none-eabi/13.3.1/../../../../arm-none-eabi/lib/thumb/v7e-m+fp/hard\libc_nano.a(libc_a-readr.o)
                0x0800c4c0                _read_r
 .text._write_r
                0x0800c4e4       0x24 C:/ST/STM32CubeIDE_1.18.1/STM32CubeIDE/plugins/com.st.stm32cube.ide.mcu.externaltools.gnu-tools-for-stm32.13.3.rel1.win32_1.0.0.202411081344/tools/bin/../lib/gcc/arm-none-eabi/13.3.1/../../../../arm-none-eabi/lib/thumb/v7e-m+fp/hard\libc_nano.a(libc_a-writer.o)
                0x0800c4e4                _write_r
 .text.__errno  0x0800c508        0xc C:/ST/STM32CubeIDE_1.18.1/STM32CubeIDE/plugins/com.st.stm32cube.ide.mcu.externaltools.gnu-tools-for-stm32.13.3.rel1.win32_1.0.0.202411081344/tools/bin/../lib/gcc/arm-none-eabi/13.3.1/../../../../arm-none-eabi/lib/thumb/v7e-m+fp/hard\libc_nano.a(libc_a-errno.o)
                0x0800c508                __errno
 .text.__libc_init_array
                0x0800c514       0x48 C:/ST/STM32CubeIDE_1.18.1/STM32CubeIDE/plugins/com.st.stm32cube.ide.mcu.externaltools.gnu-tools-for-stm32.13.3.rel1.win32_1.0.0.202411081344/tools/bin/../lib/gcc/arm-none-eabi/13.3.1/../../../../arm-none-eabi/lib/thumb/v7e-m+fp/hard\libc_nano.a(libc_a-init.o)
                0x0800c514                __libc_init_array
 .text.__retarget_lock_init_recursive
                0x0800c55c        0x2 C:/ST/STM32CubeIDE_1.18.1/STM32CubeIDE/plugins/com.st.stm32cube.ide.mcu.externaltools.gnu-tools-for-stm32.13.3.rel1.win32_1.0.0.202411081344/tools/bin/../lib/gcc/arm-none-eabi/13.3.1/../../../../arm-none-eabi/lib/thumb/v7e-m+fp/hard\libc_nano.a(libc_a-lock.o)
                0x0800c55c                __retarget_lock_init_recursive
 .text.__retarget_lock_acquire_recursive
                0x0800c55e        0x2 C:/ST/STM32CubeIDE_1.18.1/STM32CubeIDE/plugins/com.st.stm32cube.ide.mcu.externaltools.gnu-tools-for-stm32.13.3.rel1.win32_1.0.0.202411081344/tools/bin/../lib/gcc/arm-none-eabi/13.3.1/../../../../arm-none-eabi/lib/thumb/v7e-m+fp/hard\libc_nano.a(libc_a-lock.o)
                0x0800c55e                __retarget_lock_acquire_recursive
 .text.__retarget_lock_release_recursive
                0x0800c560        0x2 C:/ST/STM32CubeIDE_1.18.1/STM32CubeIDE/plugins/com.st.stm32cube.ide.mcu.externaltools.gnu-tools-for-stm32.13.3.rel1.win32_1.0.0.202411081344/tools/bin/../lib/gcc/arm-none-eabi/13.3.1/../../../../arm-none-eabi/lib/thumb/v7e-m+fp/hard\libc_nano.a(libc_a-lock.o)
                0x0800c560                __retarget_lock_release_recursive
 .text.memcpy   0x0800c562       0x1c C:/ST/STM32CubeIDE_1.18.1/STM32CubeIDE/plugins/com.st.stm32cube.ide.mcu.externaltools.gnu-tools-for-stm32.13.3.rel1.win32_1.0.0.202411081344/tools/bin/../lib/gcc/arm-none-eabi/13.3.1/../../../../arm-none-eabi/lib/thumb/v7e-m+fp/hard\libc_nano.a(libc_a-memcpy-stub.o)
                0x0800c562                memcpy
 .text.quorem   0x0800c57e      0x110 C:/ST/STM32CubeIDE_1.18.1/STM32CubeIDE/plugins/com.st.stm32cube.ide.mcu.externaltools.gnu-tools-for-stm32.13.3.rel1.win32_1.0.0.202411081344/tools/bin/../lib/gcc/arm-none-eabi/13.3.1/../../../../arm-none-eabi/lib/thumb/v7e-m+fp/hard\libc_nano.a(libc_a-dtoa.o)
 *fill*         0x0800c68e        0x2 
 .text._dtoa_r  0x0800c690      0xba0 C:/ST/STM32CubeIDE_1.18.1/STM32CubeIDE/plugins/com.st.stm32cube.ide.mcu.externaltools.gnu-tools-for-stm32.13.3.rel1.win32_1.0.0.202411081344/tools/bin/../lib/gcc/arm-none-eabi/13.3.1/../../../../arm-none-eabi/lib/thumb/v7e-m+fp/hard\libc_nano.a(libc_a-dtoa.o)
                0x0800c690                _dtoa_r
 .text._free_r  0x0800d230       0x94 C:/ST/STM32CubeIDE_1.18.1/STM32CubeIDE/plugins/com.st.stm32cube.ide.mcu.externaltools.gnu-tools-for-stm32.13.3.rel1.win32_1.0.0.202411081344/tools/bin/../lib/gcc/arm-none-eabi/13.3.1/../../../../arm-none-eabi/lib/thumb/v7e-m+fp/hard\libc_nano.a(libc_a-freer.o)
                0x0800d230                _free_r
 .text.malloc   0x0800d2c4       0x10 C:/ST/STM32CubeIDE_1.18.1/STM32CubeIDE/plugins/com.st.stm32cube.ide.mcu.externaltools.gnu-tools-for-stm32.13.3.rel1.win32_1.0.0.202411081344/tools/bin/../lib/gcc/arm-none-eabi/13.3.1/../../../../arm-none-eabi/lib/thumb/v7e-m+fp/hard\libc_nano.a(libc_a-malloc.o)
                0x0800d2c4                malloc
 .text.sbrk_aligned
                0x0800d2d4       0x44 C:/ST/STM32CubeIDE_1.18.1/STM32CubeIDE/plugins/com.st.stm32cube.ide.mcu.externaltools.gnu-tools-for-stm32.13.3.rel1.win32_1.0.0.202411081344/tools/bin/../lib/gcc/arm-none-eabi/13.3.1/../../../../arm-none-eabi/lib/thumb/v7e-m+fp/hard\libc_nano.a(libc_a-mallocr.o)
 .text._malloc_r
                0x0800d318      0x100 C:/ST/STM32CubeIDE_1.18.1/STM32CubeIDE/plugins/com.st.stm32cube.ide.mcu.externaltools.gnu-tools-for-stm32.13.3.rel1.win32_1.0.0.202411081344/tools/bin/../lib/gcc/arm-none-eabi/13.3.1/../../../../arm-none-eabi/lib/thumb/v7e-m+fp/hard\libc_nano.a(libc_a-mallocr.o)
                0x0800d318                _malloc_r
 .text.__malloc_lock
                0x0800d418        0xc C:/ST/STM32CubeIDE_1.18.1/STM32CubeIDE/plugins/com.st.stm32cube.ide.mcu.externaltools.gnu-tools-for-stm32.13.3.rel1.win32_1.0.0.202411081344/tools/bin/../lib/gcc/arm-none-eabi/13.3.1/../../../../arm-none-eabi/lib/thumb/v7e-m+fp/hard\libc_nano.a(libc_a-mlock.o)
                0x0800d418                __malloc_lock
 .text.__malloc_unlock
                0x0800d424        0xc C:/ST/STM32CubeIDE_1.18.1/STM32CubeIDE/plugins/com.st.stm32cube.ide.mcu.externaltools.gnu-tools-for-stm32.13.3.rel1.win32_1.0.0.202411081344/tools/bin/../lib/gcc/arm-none-eabi/13.3.1/../../../../arm-none-eabi/lib/thumb/v7e-m+fp/hard\libc_nano.a(libc_a-mlock.o)
                0x0800d424                __malloc_unlock
 .text._Balloc  0x0800d430       0x80 C:/ST/STM32CubeIDE_1.18.1/STM32CubeIDE/plugins/com.st.stm32cube.ide.mcu.externaltools.gnu-tools-for-stm32.13.3.rel1.win32_1.0.0.202411081344/tools/bin/../lib/gcc/arm-none-eabi/13.3.1/../../../../arm-none-eabi/lib/thumb/v7e-m+fp/hard\libc_nano.a(libc_a-mprec.o)
                0x0800d430                _Balloc
 .text._Bfree   0x0800d4b0       0x44 C:/ST/STM32CubeIDE_1.18.1/STM32CubeIDE/plugins/com.st.stm32cube.ide.mcu.externaltools.gnu-tools-for-stm32.13.3.rel1.win32_1.0.0.202411081344/tools/bin/../lib/gcc/arm-none-eabi/13.3.1/../../../../arm-none-eabi/lib/thumb/v7e-m+fp/hard\libc_nano.a(libc_a-mprec.o)
                0x0800d4b0                _Bfree
 .text.__multadd
                0x0800d4f4       0x8c C:/ST/STM32CubeIDE_1.18.1/STM32CubeIDE/plugins/com.st.stm32cube.ide.mcu.externaltools.gnu-tools-for-stm32.13.3.rel1.win32_1.0.0.202411081344/tools/bin/../lib/gcc/arm-none-eabi/13.3.1/../../../../arm-none-eabi/lib/thumb/v7e-m+fp/hard\libc_nano.a(libc_a-mprec.o)
                0x0800d4f4                __multadd
 .text.__hi0bits
                0x0800d580       0x3e C:/ST/STM32CubeIDE_1.18.1/STM32CubeIDE/plugins/com.st.stm32cube.ide.mcu.externaltools.gnu-tools-for-stm32.13.3.rel1.win32_1.0.0.202411081344/tools/bin/../lib/gcc/arm-none-eabi/13.3.1/../../../../arm-none-eabi/lib/thumb/v7e-m+fp/hard\libc_nano.a(libc_a-mprec.o)
                0x0800d580                __hi0bits
 .text.__lo0bits
                0x0800d5be       0x5a C:/ST/STM32CubeIDE_1.18.1/STM32CubeIDE/plugins/com.st.stm32cube.ide.mcu.externaltools.gnu-tools-for-stm32.13.3.rel1.win32_1.0.0.202411081344/tools/bin/../lib/gcc/arm-none-eabi/13.3.1/../../../../arm-none-eabi/lib/thumb/v7e-m+fp/hard\libc_nano.a(libc_a-mprec.o)
                0x0800d5be                __lo0bits
 .text.__i2b    0x0800d618       0x2c C:/ST/STM32CubeIDE_1.18.1/STM32CubeIDE/plugins/com.st.stm32cube.ide.mcu.externaltools.gnu-tools-for-stm32.13.3.rel1.win32_1.0.0.202411081344/tools/bin/../lib/gcc/arm-none-eabi/13.3.1/../../../../arm-none-eabi/lib/thumb/v7e-m+fp/hard\libc_nano.a(libc_a-mprec.o)
                0x0800d618                __i2b
 .text.__multiply
                0x0800d644      0x144 C:/ST/STM32CubeIDE_1.18.1/STM32CubeIDE/plugins/com.st.stm32cube.ide.mcu.externaltools.gnu-tools-for-stm32.13.3.rel1.win32_1.0.0.202411081344/tools/bin/../lib/gcc/arm-none-eabi/13.3.1/../../../../arm-none-eabi/lib/thumb/v7e-m+fp/hard\libc_nano.a(libc_a-mprec.o)
                0x0800d644                __multiply
 .text.__pow5mult
                0x0800d788       0xb4 C:/ST/STM32CubeIDE_1.18.1/STM32CubeIDE/plugins/com.st.stm32cube.ide.mcu.externaltools.gnu-tools-for-stm32.13.3.rel1.win32_1.0.0.202411081344/tools/bin/../lib/gcc/arm-none-eabi/13.3.1/../../../../arm-none-eabi/lib/thumb/v7e-m+fp/hard\libc_nano.a(libc_a-mprec.o)
                0x0800d788                __pow5mult
 .text.__lshift
                0x0800d83c       0xd8 C:/ST/STM32CubeIDE_1.18.1/STM32CubeIDE/plugins/com.st.stm32cube.ide.mcu.externaltools.gnu-tools-for-stm32.13.3.rel1.win32_1.0.0.202411081344/tools/bin/../lib/gcc/arm-none-eabi/13.3.1/../../../../arm-none-eabi/lib/thumb/v7e-m+fp/hard\libc_nano.a(libc_a-mprec.o)
                0x0800d83c                __lshift
 .text.__mcmp   0x0800d914       0x36 C:/ST/STM32CubeIDE_1.18.1/STM32CubeIDE/plugins/com.st.stm32cube.ide.mcu.externaltools.gnu-tools-for-stm32.13.3.rel1.win32_1.0.0.202411081344/tools/bin/../lib/gcc/arm-none-eabi/13.3.1/../../../../arm-none-eabi/lib/thumb/v7e-m+fp/hard\libc_nano.a(libc_a-mprec.o)
                0x0800d914                __mcmp
 *fill*         0x0800d94a        0x2 
 .text.__mdiff  0x0800d94c      0x128 C:/ST/STM32CubeIDE_1.18.1/STM32CubeIDE/plugins/com.st.stm32cube.ide.mcu.externaltools.gnu-tools-for-stm32.13.3.rel1.win32_1.0.0.202411081344/tools/bin/../lib/gcc/arm-none-eabi/13.3.1/../../../../arm-none-eabi/lib/thumb/v7e-m+fp/hard\libc_nano.a(libc_a-mprec.o)
                0x0800d94c                __mdiff
 .text.__d2b    0x0800da74       0xb0 C:/ST/STM32CubeIDE_1.18.1/STM32CubeIDE/plugins/com.st.stm32cube.ide.mcu.externaltools.gnu-tools-for-stm32.13.3.rel1.win32_1.0.0.202411081344/tools/bin/../lib/gcc/arm-none-eabi/13.3.1/../../../../arm-none-eabi/lib/thumb/v7e-m+fp/hard\libc_nano.a(libc_a-mprec.o)
                0x0800da74                __d2b
 .text.__sfputc_r
                0x0800db24       0x2e C:/ST/STM32CubeIDE_1.18.1/STM32CubeIDE/plugins/com.st.stm32cube.ide.mcu.externaltools.gnu-tools-for-stm32.13.3.rel1.win32_1.0.0.202411081344/tools/bin/../lib/gcc/arm-none-eabi/13.3.1/../../../../arm-none-eabi/lib/thumb/v7e-m+fp/hard\libc_nano.a(libc_a-nano-vfprintf.o)
 .text.__sfputs_r
                0x0800db52       0x24 C:/ST/STM32CubeIDE_1.18.1/STM32CubeIDE/plugins/com.st.stm32cube.ide.mcu.externaltools.gnu-tools-for-stm32.13.3.rel1.win32_1.0.0.202411081344/tools/bin/../lib/gcc/arm-none-eabi/13.3.1/../../../../arm-none-eabi/lib/thumb/v7e-m+fp/hard\libc_nano.a(libc_a-nano-vfprintf.o)
                0x0800db52                __sfputs_r
 *fill*         0x0800db76        0x2 
 .text._vfprintf_r
                0x0800db78      0x230 C:/ST/STM32CubeIDE_1.18.1/STM32CubeIDE/plugins/com.st.stm32cube.ide.mcu.externaltools.gnu-tools-for-stm32.13.3.rel1.win32_1.0.0.202411081344/tools/bin/../lib/gcc/arm-none-eabi/13.3.1/../../../../arm-none-eabi/lib/thumb/v7e-m+fp/hard\libc_nano.a(libc_a-nano-vfprintf.o)
                0x0800db78                _vfprintf_r
                0x0800db78                _vfiprintf_r
 .text.__sflush_r
                0x0800dda8      0x108 C:/ST/STM32CubeIDE_1.18.1/STM32CubeIDE/plugins/com.st.stm32cube.ide.mcu.externaltools.gnu-tools-for-stm32.13.3.rel1.win32_1.0.0.202411081344/tools/bin/../lib/gcc/arm-none-eabi/13.3.1/../../../../arm-none-eabi/lib/thumb/v7e-m+fp/hard\libc_nano.a(libc_a-fflush.o)
                0x0800dda8                __sflush_r
 .text._fflush_r
                0x0800deb0       0x50 C:/ST/STM32CubeIDE_1.18.1/STM32CubeIDE/plugins/com.st.stm32cube.ide.mcu.externaltools.gnu-tools-for-stm32.13.3.rel1.win32_1.0.0.202411081344/tools/bin/../lib/gcc/arm-none-eabi/13.3.1/../../../../arm-none-eabi/lib/thumb/v7e-m+fp/hard\libc_nano.a(libc_a-fflush.o)
                0x0800deb0                _fflush_r
 .text.__swhatbuf_r
                0x0800df00       0x4c C:/ST/STM32CubeIDE_1.18.1/STM32CubeIDE/plugins/com.st.stm32cube.ide.mcu.externaltools.gnu-tools-for-stm32.13.3.rel1.win32_1.0.0.202411081344/tools/bin/../lib/gcc/arm-none-eabi/13.3.1/../../../../arm-none-eabi/lib/thumb/v7e-m+fp/hard\libc_nano.a(libc_a-makebuf.o)
                0x0800df00                __swhatbuf_r
 .text.__smakebuf_r
                0x0800df4c       0x78 C:/ST/STM32CubeIDE_1.18.1/STM32CubeIDE/plugins/com.st.stm32cube.ide.mcu.externaltools.gnu-tools-for-stm32.13.3.rel1.win32_1.0.0.202411081344/tools/bin/../lib/gcc/arm-none-eabi/13.3.1/../../../../arm-none-eabi/lib/thumb/v7e-m+fp/hard\libc_nano.a(libc_a-makebuf.o)
                0x0800df4c                __smakebuf_r
 .text._fstat_r
                0x0800dfc4       0x24 C:/ST/STM32CubeIDE_1.18.1/STM32CubeIDE/plugins/com.st.stm32cube.ide.mcu.externaltools.gnu-tools-for-stm32.13.3.rel1.win32_1.0.0.202411081344/tools/bin/../lib/gcc/arm-none-eabi/13.3.1/../../../../arm-none-eabi/lib/thumb/v7e-m+fp/hard\libc_nano.a(libc_a-fstatr.o)
                0x0800dfc4                _fstat_r
 .text._isatty_r
                0x0800dfe8       0x20 C:/ST/STM32CubeIDE_1.18.1/STM32CubeIDE/plugins/com.st.stm32cube.ide.mcu.externaltools.gnu-tools-for-stm32.13.3.rel1.win32_1.0.0.202411081344/tools/bin/../lib/gcc/arm-none-eabi/13.3.1/../../../../arm-none-eabi/lib/thumb/v7e-m+fp/hard\libc_nano.a(libc_a-isattyr.o)
                0x0800dfe8                _isatty_r
 .text._sbrk_r  0x0800e008       0x20 C:/ST/STM32CubeIDE_1.18.1/STM32CubeIDE/plugins/com.st.stm32cube.ide.mcu.externaltools.gnu-tools-for-stm32.13.3.rel1.win32_1.0.0.202411081344/tools/bin/../lib/gcc/arm-none-eabi/13.3.1/../../../../arm-none-eabi/lib/thumb/v7e-m+fp/hard\libc_nano.a(libc_a-sbrkr.o)
                0x0800e008                _sbrk_r
 .text.__assert_func
                0x0800e028       0x3c C:/ST/STM32CubeIDE_1.18.1/STM32CubeIDE/plugins/com.st.stm32cube.ide.mcu.externaltools.gnu-tools-for-stm32.13.3.rel1.win32_1.0.0.202411081344/tools/bin/../lib/gcc/arm-none-eabi/13.3.1/../../../../arm-none-eabi/lib/thumb/v7e-m+fp/hard\libc_nano.a(libc_a-assert.o)
                0x0800e028                __assert_func
 .text._calloc_r
                0x0800e064       0x28 C:/ST/STM32CubeIDE_1.18.1/STM32CubeIDE/plugins/com.st.stm32cube.ide.mcu.externaltools.gnu-tools-for-stm32.13.3.rel1.win32_1.0.0.202411081344/tools/bin/../lib/gcc/arm-none-eabi/13.3.1/../../../../arm-none-eabi/lib/thumb/v7e-m+fp/hard\libc_nano.a(libc_a-callocr.o)
                0x0800e064                _calloc_r
 .text.__ascii_mbtowc
                0x0800e08c       0x24 C:/ST/STM32CubeIDE_1.18.1/STM32CubeIDE/plugins/com.st.stm32cube.ide.mcu.externaltools.gnu-tools-for-stm32.13.3.rel1.win32_1.0.0.202411081344/tools/bin/../lib/gcc/arm-none-eabi/13.3.1/../../../../arm-none-eabi/lib/thumb/v7e-m+fp/hard\libc_nano.a(libc_a-mbtowc_r.o)
                0x0800e08c                __ascii_mbtowc
 .text.__ascii_wctomb
                0x0800e0b0       0x1a C:/ST/STM32CubeIDE_1.18.1/STM32CubeIDE/plugins/com.st.stm32cube.ide.mcu.externaltools.gnu-tools-for-stm32.13.3.rel1.win32_1.0.0.202411081344/tools/bin/../lib/gcc/arm-none-eabi/13.3.1/../../../../arm-none-eabi/lib/thumb/v7e-m+fp/hard\libc_nano.a(libc_a-wctomb_r.o)
                0x0800e0b0                __ascii_wctomb
 *fill*         0x0800e0ca        0x2 
 .text.fprintf  0x0800e0cc       0x24 C:/ST/STM32CubeIDE_1.18.1/STM32CubeIDE/plugins/com.st.stm32cube.ide.mcu.externaltools.gnu-tools-for-stm32.13.3.rel1.win32_1.0.0.202411081344/tools/bin/../lib/gcc/arm-none-eabi/13.3.1/../../../../arm-none-eabi/lib/thumb/v7e-m+fp/hard\libc_nano.a(libc_a-fprintf.o)
                0x0800e0cc                fiprintf
                0x0800e0cc                fprintf
 .text.abort    0x0800e0f0        0xe C:/ST/STM32CubeIDE_1.18.1/STM32CubeIDE/plugins/com.st.stm32cube.ide.mcu.externaltools.gnu-tools-for-stm32.13.3.rel1.win32_1.0.0.202411081344/tools/bin/../lib/gcc/arm-none-eabi/13.3.1/../../../../arm-none-eabi/lib/thumb/v7e-m+fp/hard\libc_nano.a(libc_a-abort.o)
                0x0800e0f0                abort
 .text._raise_r
                0x0800e0fe       0x50 C:/ST/STM32CubeIDE_1.18.1/STM32CubeIDE/plugins/com.st.stm32cube.ide.mcu.externaltools.gnu-tools-for-stm32.13.3.rel1.win32_1.0.0.202411081344/tools/bin/../lib/gcc/arm-none-eabi/13.3.1/../../../../arm-none-eabi/lib/thumb/v7e-m+fp/hard\libc_nano.a(libc_a-signal.o)
                0x0800e0fe                _raise_r
 *fill*         0x0800e14e        0x2 
 .text.raise    0x0800e150       0x10 C:/ST/STM32CubeIDE_1.18.1/STM32CubeIDE/plugins/com.st.stm32cube.ide.mcu.externaltools.gnu-tools-for-stm32.13.3.rel1.win32_1.0.0.202411081344/tools/bin/../lib/gcc/arm-none-eabi/13.3.1/../../../../arm-none-eabi/lib/thumb/v7e-m+fp/hard\libc_nano.a(libc_a-signal.o)
                0x0800e150                raise
 .text._kill_r  0x0800e160       0x24 C:/ST/STM32CubeIDE_1.18.1/STM32CubeIDE/plugins/com.st.stm32cube.ide.mcu.externaltools.gnu-tools-for-stm32.13.3.rel1.win32_1.0.0.202411081344/tools/bin/../lib/gcc/arm-none-eabi/13.3.1/../../../../arm-none-eabi/lib/thumb/v7e-m+fp/hard\libc_nano.a(libc_a-signalr.o)
                0x0800e160                _kill_r
 .text._getpid_r
                0x0800e184        0x4 C:/ST/STM32CubeIDE_1.18.1/STM32CubeIDE/plugins/com.st.stm32cube.ide.mcu.externaltools.gnu-tools-for-stm32.13.3.rel1.win32_1.0.0.202411081344/tools/bin/../lib/gcc/arm-none-eabi/13.3.1/../../../../arm-none-eabi/lib/thumb/v7e-m+fp/hard\libc_nano.a(libc_a-signalr.o)
                0x0800e184                _getpid_r
 .text.atan2    0x0800e188        0x4 C:/ST/STM32CubeIDE_1.18.1/STM32CubeIDE/plugins/com.st.stm32cube.ide.mcu.externaltools.gnu-tools-for-stm32.13.3.rel1.win32_1.0.0.202411081344/tools/bin/../lib/gcc/arm-none-eabi/13.3.1/../../../../arm-none-eabi/lib/thumb/v7e-m+fp/hard\libm.a(libm_a-w_atan2.o)
                0x0800e188                atan2
 .text.sqrt     0x0800e18c       0x58 C:/ST/STM32CubeIDE_1.18.1/STM32CubeIDE/plugins/com.st.stm32cube.ide.mcu.externaltools.gnu-tools-for-stm32.13.3.rel1.win32_1.0.0.202411081344/tools/bin/../lib/gcc/arm-none-eabi/13.3.1/../../../../arm-none-eabi/lib/thumb/v7e-m+fp/hard\libm.a(libm_a-w_sqrt.o)
                0x0800e18c                sqrt
 .text.__ieee754_sqrt
                0x0800e1e4      0x1ac C:/ST/STM32CubeIDE_1.18.1/STM32CubeIDE/plugins/com.st.stm32cube.ide.mcu.externaltools.gnu-tools-for-stm32.13.3.rel1.win32_1.0.0.202411081344/tools/bin/../lib/gcc/arm-none-eabi/13.3.1/../../../../arm-none-eabi/lib/thumb/v7e-m+fp/hard\libm.a(libm_a-e_sqrt.o)
                0x0800e1e4                __ieee754_sqrt
 .text.__ieee754_atan2
                0x0800e390      0x18c C:/ST/STM32CubeIDE_1.18.1/STM32CubeIDE/plugins/com.st.stm32cube.ide.mcu.externaltools.gnu-tools-for-stm32.13.3.rel1.win32_1.0.0.202411081344/tools/bin/../lib/gcc/arm-none-eabi/13.3.1/../../../../arm-none-eabi/lib/thumb/v7e-m+fp/hard\libm.a(libm_a-e_atan2.o)
                0x0800e390                __ieee754_atan2
 *fill*         0x0800e51c        0x4 
 .text.atan     0x0800e520      0x330 C:/ST/STM32CubeIDE_1.18.1/STM32CubeIDE/plugins/com.st.stm32cube.ide.mcu.externaltools.gnu-tools-for-stm32.13.3.rel1.win32_1.0.0.202411081344/tools/bin/../lib/gcc/arm-none-eabi/13.3.1/../../../../arm-none-eabi/lib/thumb/v7e-m+fp/hard\libm.a(libm_a-s_atan.o)
                0x0800e520                atan
 .text.fabs     0x0800e850       0x10 C:/ST/STM32CubeIDE_1.18.1/STM32CubeIDE/plugins/com.st.stm32cube.ide.mcu.externaltools.gnu-tools-for-stm32.13.3.rel1.win32_1.0.0.202411081344/tools/bin/../lib/gcc/arm-none-eabi/13.3.1/../../../../arm-none-eabi/lib/thumb/v7e-m+fp/hard\libm.a(libm_a-s_fabs.o)
                0x0800e850                fabs
 *(.glue_7)
 .glue_7        0x0800e860        0x0 linker stubs
 *(.glue_7t)
 .glue_7t       0x0800e860        0x0 linker stubs
 *(.eh_frame)
 .eh_frame      0x0800e860        0x0 C:/ST/STM32CubeIDE_1.18.1/STM32CubeIDE/plugins/com.st.stm32cube.ide.mcu.externaltools.gnu-tools-for-stm32.13.3.rel1.win32_1.0.0.202411081344/tools/bin/../lib/gcc/arm-none-eabi/13.3.1/thumb/v7e-m+fp/hard/crtbegin.o
 *(.init)
 .init          0x0800e860        0x4 C:/ST/STM32CubeIDE_1.18.1/STM32CubeIDE/plugins/com.st.stm32cube.ide.mcu.externaltools.gnu-tools-for-stm32.13.3.rel1.win32_1.0.0.202411081344/tools/bin/../lib/gcc/arm-none-eabi/13.3.1/thumb/v7e-m+fp/hard/crti.o
                0x0800e860                _init
 .init          0x0800e864        0x8 C:/ST/STM32CubeIDE_1.18.1/STM32CubeIDE/plugins/com.st.stm32cube.ide.mcu.externaltools.gnu-tools-for-stm32.13.3.rel1.win32_1.0.0.202411081344/tools/bin/../lib/gcc/arm-none-eabi/13.3.1/thumb/v7e-m+fp/hard/crtn.o
 *(.fini)
 .fini          0x0800e86c        0x4 C:/ST/STM32CubeIDE_1.18.1/STM32CubeIDE/plugins/com.st.stm32cube.ide.mcu.externaltools.gnu-tools-for-stm32.13.3.rel1.win32_1.0.0.202411081344/tools/bin/../lib/gcc/arm-none-eabi/13.3.1/thumb/v7e-m+fp/hard/crti.o
                0x0800e86c                _fini
 .fini          0x0800e870        0x8 C:/ST/STM32CubeIDE_1.18.1/STM32CubeIDE/plugins/com.st.stm32cube.ide.mcu.externaltools.gnu-tools-for-stm32.13.3.rel1.win32_1.0.0.202411081344/tools/bin/../lib/gcc/arm-none-eabi/13.3.1/thumb/v7e-m+fp/hard/crtn.o
                0x0800e878                        . = ALIGN (0x4)
                0x0800e878                        _etext = .

.vfp11_veneer   0x0800e878        0x0
 .vfp11_veneer  0x0800e878        0x0 linker stubs

.v4_bx          0x0800e878        0x0
 .v4_bx         0x0800e878        0x0 linker stubs

.iplt           0x0800e878        0x0
 .iplt          0x0800e878        0x0 C:/ST/STM32CubeIDE_1.18.1/STM32CubeIDE/plugins/com.st.stm32cube.ide.mcu.externaltools.gnu-tools-for-stm32.13.3.rel1.win32_1.0.0.202411081344/tools/bin/../lib/gcc/arm-none-eabi/13.3.1/thumb/v7e-m+fp/hard/crtbegin.o

.rodata         0x0800e878      0xa10
                0x0800e878                        . = ALIGN (0x4)
 *(.rodata)
 .rodata        0x0800e878       0x3d ./Core/Src/Control/Control.o
 *fill*         0x0800e8b5        0x3 
 .rodata        0x0800e8b8      0x2d7 ./Core/Src/IMU/IMU.o
 *fill*         0x0800eb8f        0x1 
 .rodata        0x0800eb90       0x51 ./Core/Src/Motor/Motor.o
 *fill*         0x0800ebe1        0x3 
 .rodata        0x0800ebe4       0xdf ./Core/Src/main.o
 *fill*         0x0800ecc3        0x1 
 .rodata        0x0800ecc4        0x5 ./Middlewares/Third_Party/FreeRTOS/Source/tasks.o
 *fill*         0x0800ecc9        0x3 
 .rodata        0x0800eccc        0xd ./Middlewares/Third_Party/FreeRTOS/Source/timers.o
 *(.rodata*)
 *fill*         0x0800ecd9        0x3 
 .rodata.IMUDebugTask_attributes
                0x0800ecdc       0x24 ./Core/Src/main.o
                0x0800ecdc                IMUDebugTask_attributes
 .rodata.MotorDebugTask_attributes
                0x0800ed00       0x24 ./Core/Src/main.o
                0x0800ed00                MotorDebugTask_attributes
 .rodata.IMUTask_attributes
                0x0800ed24       0x24 ./Core/Src/main.o
                0x0800ed24                IMUTask_attributes
 .rodata.ControlTask_attributes
                0x0800ed48       0x24 ./Core/Src/main.o
                0x0800ed48                ControlTask_attributes
 .rodata.EncoderTask_attributes
                0x0800ed6c       0x24 ./Core/Src/main.o
                0x0800ed6c                EncoderTask_attributes
 .rodata.MotorTask_attributes
                0x0800ed90       0x24 ./Core/Src/main.o
                0x0800ed90                MotorTask_attributes
 .rodata.ControlDebugTas_attributes
                0x0800edb4       0x24 ./Core/Src/main.o
                0x0800edb4                ControlDebugTas_attributes
 .rodata.gyroQueue_attributes
                0x0800edd8       0x18 ./Core/Src/main.o
                0x0800edd8                gyroQueue_attributes
 .rodata.accelQueue_attributes
                0x0800edf0       0x18 ./Core/Src/main.o
                0x0800edf0                accelQueue_attributes
 .rodata.encoderQueue_attributes
                0x0800ee08       0x18 ./Core/Src/main.o
                0x0800ee08                encoderQueue_attributes
 .rodata.motorSpeedQueue_attributes
                0x0800ee20       0x18 ./Core/Src/main.o
                0x0800ee20                motorSpeedQueue_attributes
 .rodata.i2cMutex_attributes
                0x0800ee38       0x10 ./Core/Src/main.o
                0x0800ee38                i2cMutex_attributes
 .rodata.motorDebugFlag_attributes
                0x0800ee48       0x10 ./Core/Src/main.o
                0x0800ee48                motorDebugFlag_attributes
 .rodata.IMUDebugFlag_attributes
                0x0800ee58       0x10 ./Core/Src/main.o
                0x0800ee58                IMUDebugFlag_attributes
 .rodata.controlDebugFlag_attributes
                0x0800ee68       0x10 ./Core/Src/main.o
                0x0800ee68                controlDebugFlag_attributes
 .rodata.AHBPrescTable
                0x0800ee78       0x10 ./Core/Src/system_stm32f4xx.o
                0x0800ee78                AHBPrescTable
 .rodata.APBPrescTable
                0x0800ee88        0x8 ./Core/Src/system_stm32f4xx.o
                0x0800ee88                APBPrescTable
 .rodata._printf_float.str1.1
                0x0800ee90      0x171 C:/ST/STM32CubeIDE_1.18.1/STM32CubeIDE/plugins/com.st.stm32cube.ide.mcu.externaltools.gnu-tools-for-stm32.13.3.rel1.win32_1.0.0.202411081344/tools/bin/../lib/gcc/arm-none-eabi/13.3.1/../../../../arm-none-eabi/lib/thumb/v7e-m+fp/hard\libc_nano.a(libc_a-nano-vfprintf_float.o)
                                 0x12 (size before relaxing)
 .rodata._printf_i.str1.1
                0x0800f001       0x22 C:/ST/STM32CubeIDE_1.18.1/STM32CubeIDE/plugins/com.st.stm32cube.ide.mcu.externaltools.gnu-tools-for-stm32.13.3.rel1.win32_1.0.0.202411081344/tools/bin/../lib/gcc/arm-none-eabi/13.3.1/../../../../arm-none-eabi/lib/thumb/v7e-m+fp/hard\libc_nano.a(libc_a-nano-vfprintf_i.o)
 .rodata._dtoa_r.str1.1
                0x0800f001       0x8f C:/ST/STM32CubeIDE_1.18.1/STM32CubeIDE/plugins/com.st.stm32cube.ide.mcu.externaltools.gnu-tools-for-stm32.13.3.rel1.win32_1.0.0.202411081344/tools/bin/../lib/gcc/arm-none-eabi/13.3.1/../../../../arm-none-eabi/lib/thumb/v7e-m+fp/hard\libc_nano.a(libc_a-dtoa.o)
 .rodata._Balloc.str1.1
                0x0800f001       0x70 C:/ST/STM32CubeIDE_1.18.1/STM32CubeIDE/plugins/com.st.stm32cube.ide.mcu.externaltools.gnu-tools-for-stm32.13.3.rel1.win32_1.0.0.202411081344/tools/bin/../lib/gcc/arm-none-eabi/13.3.1/../../../../arm-none-eabi/lib/thumb/v7e-m+fp/hard\libc_nano.a(libc_a-mprec.o)
 .rodata.__multadd.str1.1
                0x0800f001       0x11 C:/ST/STM32CubeIDE_1.18.1/STM32CubeIDE/plugins/com.st.stm32cube.ide.mcu.externaltools.gnu-tools-for-stm32.13.3.rel1.win32_1.0.0.202411081344/tools/bin/../lib/gcc/arm-none-eabi/13.3.1/../../../../arm-none-eabi/lib/thumb/v7e-m+fp/hard\libc_nano.a(libc_a-mprec.o)
 *fill*         0x0800f001        0x3 
 .rodata.p05.0  0x0800f004        0xc C:/ST/STM32CubeIDE_1.18.1/STM32CubeIDE/plugins/com.st.stm32cube.ide.mcu.externaltools.gnu-tools-for-stm32.13.3.rel1.win32_1.0.0.202411081344/tools/bin/../lib/gcc/arm-none-eabi/13.3.1/../../../../arm-none-eabi/lib/thumb/v7e-m+fp/hard\libc_nano.a(libc_a-mprec.o)
 .rodata.__mprec_bigtens
                0x0800f010       0x28 C:/ST/STM32CubeIDE_1.18.1/STM32CubeIDE/plugins/com.st.stm32cube.ide.mcu.externaltools.gnu-tools-for-stm32.13.3.rel1.win32_1.0.0.202411081344/tools/bin/../lib/gcc/arm-none-eabi/13.3.1/../../../../arm-none-eabi/lib/thumb/v7e-m+fp/hard\libc_nano.a(libc_a-mprec.o)
                0x0800f010                __mprec_bigtens
 .rodata.__mprec_tens
                0x0800f038       0xc8 C:/ST/STM32CubeIDE_1.18.1/STM32CubeIDE/plugins/com.st.stm32cube.ide.mcu.externaltools.gnu-tools-for-stm32.13.3.rel1.win32_1.0.0.202411081344/tools/bin/../lib/gcc/arm-none-eabi/13.3.1/../../../../arm-none-eabi/lib/thumb/v7e-m+fp/hard\libc_nano.a(libc_a-mprec.o)
                0x0800f038                __mprec_tens
 .rodata._vfprintf_r.str1.1
                0x0800f100       0x11 C:/ST/STM32CubeIDE_1.18.1/STM32CubeIDE/plugins/com.st.stm32cube.ide.mcu.externaltools.gnu-tools-for-stm32.13.3.rel1.win32_1.0.0.202411081344/tools/bin/../lib/gcc/arm-none-eabi/13.3.1/../../../../arm-none-eabi/lib/thumb/v7e-m+fp/hard\libc_nano.a(libc_a-nano-vfprintf.o)
 .rodata._setlocale_r.str1.1
                0x0800f100        0x9 C:/ST/STM32CubeIDE_1.18.1/STM32CubeIDE/plugins/com.st.stm32cube.ide.mcu.externaltools.gnu-tools-for-stm32.13.3.rel1.win32_1.0.0.202411081344/tools/bin/../lib/gcc/arm-none-eabi/13.3.1/../../../../arm-none-eabi/lib/thumb/v7e-m+fp/hard\libc_nano.a(libc_a-locale.o)
 .rodata.str1.1
                0x0800f100        0x2 C:/ST/STM32CubeIDE_1.18.1/STM32CubeIDE/plugins/com.st.stm32cube.ide.mcu.externaltools.gnu-tools-for-stm32.13.3.rel1.win32_1.0.0.202411081344/tools/bin/../lib/gcc/arm-none-eabi/13.3.1/../../../../arm-none-eabi/lib/thumb/v7e-m+fp/hard\libc_nano.a(libc_a-locale.o)
 .rodata.__assert_func.str1.1
                0x0800f100       0x3d C:/ST/STM32CubeIDE_1.18.1/STM32CubeIDE/plugins/com.st.stm32cube.ide.mcu.externaltools.gnu-tools-for-stm32.13.3.rel1.win32_1.0.0.202411081344/tools/bin/../lib/gcc/arm-none-eabi/13.3.1/../../../../arm-none-eabi/lib/thumb/v7e-m+fp/hard\libc_nano.a(libc_a-assert.o)