../Drivers/CMSIS/Include/core_cm4.h:2064:26:ITM_SendChar	16	static,ignoring_inline_asm
../Core/Src/main.c:104:5:main	8	static
../Core/Src/main.c:194:6:SystemClock_Config	88	static
../Core/Src/main.c:242:13:MX_I2C1_Init	8	static
../Core/Src/main.c:276:13:MX_TIM1_Init	56	static
../Core/Src/main.c:326:13:MX_TIM2_Init	64	static
../Core/Src/main.c:385:13:MX_TIM3_Init	56	static
../Core/Src/main.c:434:13:MX_TIM8_Init	80	static
../Core/Src/main.c:499:13:MX_UART4_Init	8	static
../Core/Src/main.c:532:13:MX_USART1_UART_Init	8	static
../Core/Src/main.c:565:13:MX_USART2_UART_Init	8	static
../Core/Src/main.c:598:13:MX_GPIO_Init	48	static
../Core/Src/main.c:643:5:_write	32	static
../Core/Src/main.c:663:13:StartIMUDebugTask	16	static
../Core/Src/main.c:681:13:StartMotorDebugTask	16	static
../Core/Src/main.c:700:6:HAL_TIM_PeriodElapsedCallback	16	static
../Core/Src/main.c:718:6:Error_Handler	4	static,ignoring_inline_asm
