../Drivers/CMSIS/Include/core_cm4.h:2064:26:ITM_SendChar	16	static,ignoring_inline_asm
../Core/Src/main.c:186:5:main	8	static
../Core/Src/main.c:316:6:SystemClock_Config	88	static
../Core/Src/main.c:364:13:MX_I2C1_Init	40	static
../Core/Src/main.c:420:13:MX_TIM1_Init	56	static
../Core/Src/main.c:470:13:MX_TIM2_Init	64	static
../Core/Src/main.c:529:13:MX_TIM3_Init	56	static
../Core/Src/main.c:578:13:MX_TIM8_Init	80	static
../Core/Src/main.c:643:13:MX_UART4_Init	8	static
../Core/Src/main.c:676:13:MX_USART1_UART_Init	8	static
../Core/Src/main.c:709:13:MX_USART2_UART_Init	8	static
../Core/Src/main.c:742:13:MX_GPIO_Init	48	static
../Core/Src/main.c:787:5:_write	32	static
../Core/Src/main.c:807:13:StartIMUDebugTask	16	static
../Core/Src/main.c:825:13:StartMotorDebugTask	16	static
../Core/Src/main.c:843:13:StartIMUTask	16	static
../Core/Src/main.c:861:13:StartControlTask	16	static
../Core/Src/main.c:879:13:StartEncoderTask	16	static
../Core/Src/main.c:897:13:StartMotorTask	16	static
../Core/Src/main.c:915:13:ControlDebugTaskStart	16	static
../Core/Src/main.c:934:6:HAL_TIM_PeriodElapsedCallback	16	static
../Core/Src/main.c:952:6:Error_Handler	4	static,ignoring_inline_asm
